     VMA      LMA     Size Align Out     In      Symbol
       0        0        0     1 __bios_reserved_iwram = 256
       0        0  8000000     1 . = ORIGIN ( rom )
 8000000  8000000      15c     4 .entrypoint
 8000000  8000000       fc     4         /data/dev/gbartx/target/armv4t-none-eabi/release/deps/gba_rt-3a5f5d6d4e9987e6.const_random-2c03847468e8acc5.const_random.3a2ce2026131bd48-cgu.0.rcgu.o.rcgu.o:(.entrypoint.regular)
 8000000  8000000        0     1                 $a
 8000000  8000000        0     1                 __start
 8000004  8000004        0     1                 $d
 80000c0  80000c0        0     1                 .Initialise
 80000c0  80000c0        0     1                 $a
 80000e4  80000e4        0     1                 $d
 80000fc  80000fc       60     4         /data/dev/gbartx/target/armv4t-none-eabi/release/deps/gba_rt-3a5f5d6d4e9987e6.const_random-2c03847468e8acc5.const_random.3a2ce2026131bd48-cgu.0.rcgu.o.rcgu.o:(.entrypoint.common)
 80000fc  80000fc        0     1                 $a
 80000fc  80000fc        0     1                 CommonInit
 8000140  8000140        0     1                 $d
 800015c  800015c        0     1         . = ALIGN ( 4 )
 800015c  800015c    10294     4 .text
 800015c  800015c      194     4         /data/dev/gbartx/target/armv4t-none-eabi/release/deps/gba_rt-3a5f5d6d4e9987e6.const_random-2c03847468e8acc5.const_random.3a2ce2026131bd48-cgu.0.rcgu.o.rcgu.o:(.text._ZN3agb9agb_alloc15block_allocator19BlockAllocatorInner5alloc17ha51790b9d257978cE)
 800015c  800015c      194     1                 agb::agb_alloc::block_allocator::BlockAllocatorInner::alloc::ha51790b9d257978c
 800015c  800015c        0     1                 $a
 80002e0  80002e0        0     1                 $d
 80002f0  80002f0       1c     4         /data/dev/gbartx/target/armv4t-none-eabi/release/deps/gba_rt-3a5f5d6d4e9987e6.const_random-2c03847468e8acc5.const_random.3a2ce2026131bd48-cgu.0.rcgu.o.rcgu.o:(.text._ZN69_$LT$core..alloc..layout..LayoutError$u20$as$u20$core..fmt..Debug$GT$3fmt17hcaf947c545492337E)
 80002f0  80002f0       1c     1                 _$LT$core..alloc..layout..LayoutError$u20$as$u20$core..fmt..Debug$GT$::fmt::hcaf947c545492337
 80002f0  80002f0        0     1                 $a
 8000308  8000308        0     1                 $d
 800030c  800030c        c     4         /data/dev/gbartx/target/armv4t-none-eabi/release/deps/gba_rt-3a5f5d6d4e9987e6.const_random-2c03847468e8acc5.const_random.3a2ce2026131bd48-cgu.0.rcgu.o.rcgu.o:(.text._ZN3agb9agb_alloc8data_end17hf3baf4302feddfd1E)
 800030c  800030c        c     1                 agb::agb_alloc::data_end::hf3baf4302feddfd1
 800030c  800030c        0     1                 $a
 8000314  8000314        0     1                 $d
 8000318  8000318        8     4         /data/dev/gbartx/target/armv4t-none-eabi/release/deps/gba_rt-3a5f5d6d4e9987e6.const_random-2c03847468e8acc5.const_random.3a2ce2026131bd48-cgu.0.rcgu.o.rcgu.o:(.text._ZN4core3ops8function6FnOnce9call_once17h7d5e2d216b1cd7ecE)
 8000318  8000318        8     1                 core::ops::function::FnOnce::call_once::h7d5e2d216b1cd7ec
 8000318  8000318        0     1                 $a
 8000320  8000320      248     4         /data/dev/gbartx/target/armv4t-none-eabi/release/deps/gba_rt-3a5f5d6d4e9987e6.const_random-2c03847468e8acc5.const_random.3a2ce2026131bd48-cgu.0.rcgu.o.rcgu.o:(.text._ZN42_$LT$$RF$T$u20$as$u20$core..fmt..Debug$GT$3fmt17hc5a53f6dd26eed5eE)
 8000320  8000320      248     1                 _$LT$$RF$T$u20$as$u20$core..fmt..Debug$GT$::fmt::hc5a53f6dd26eed5e
 8000320  8000320        0     1                 $a
 8000558  8000558        0     1                 $d
 8000568  8000568       a0     4         /data/dev/gbartx/target/armv4t-none-eabi/release/deps/gba_rt-3a5f5d6d4e9987e6.const_random-2c03847468e8acc5.const_random.3a2ce2026131bd48-cgu.0.rcgu.o.rcgu.o:(.text.unlikely._ZN5alloc7raw_vec11finish_grow17h2c5cde18e4b49a1bE)
 8000568  8000568       a0     1                 alloc::raw_vec::finish_grow::h2c5cde18e4b49a1b
 8000568  8000568        0     1                 $a
 8000600  8000600        0     1                 $d
 8000608  8000608      5a4     4         /data/dev/gbartx/target/armv4t-none-eabi/release/deps/gba_rt-3a5f5d6d4e9987e6.const_random-2c03847468e8acc5.const_random.3a2ce2026131bd48-cgu.0.rcgu.o.rcgu.o:(.text._ZN100_$LT$agb..agb_alloc..block_allocator..BlockAllocator$u20$as$u20$core..alloc..global..GlobalAlloc$GT$7realloc17haac2f66e49cb96a7E)
 8000608  8000608      5a4     1                 _$LT$agb..agb_alloc..block_allocator..BlockAllocator$u20$as$u20$core..alloc..global..GlobalAlloc$GT$::realloc::haac2f66e49cb96a7
 8000608  8000608        0     1                 $a
 8000b94  8000b94        0     1                 $d
 8000bac  8000bac       b4     4         /data/dev/gbartx/target/armv4t-none-eabi/release/deps/gba_rt-3a5f5d6d4e9987e6.const_random-2c03847468e8acc5.const_random.3a2ce2026131bd48-cgu.0.rcgu.o.rcgu.o:(.text._ZN5alloc7raw_vec19RawVec$LT$T$C$A$GT$8grow_one17h893942a667a2e890E)
 8000bac  8000bac       b4     1                 alloc::raw_vec::RawVec$LT$T$C$A$GT$::grow_one::h893942a667a2e890
 8000bac  8000bac        0     1                 $a
 8000c5c  8000c5c        0     1                 $d
 8000c60  8000c60       10     4         /data/dev/gbartx/target/armv4t-none-eabi/release/deps/gba_rt-3a5f5d6d4e9987e6.const_random-2c03847468e8acc5.const_random.3a2ce2026131bd48-cgu.0.rcgu.o.rcgu.o:(.text._ZN44_$LT$$RF$T$u20$as$u20$core..fmt..Display$GT$3fmt17ha5c3f95c41522451E)
 8000c60  8000c60       10     1                 _$LT$$RF$T$u20$as$u20$core..fmt..Display$GT$::fmt::ha5c3f95c41522451
 8000c60  8000c60        0     1                 $a
 8000c70  8000c70      160     4         /data/dev/gbartx/target/armv4t-none-eabi/release/deps/gba_rt-3a5f5d6d4e9987e6.const_random-2c03847468e8acc5.const_random.3a2ce2026131bd48-cgu.0.rcgu.o.rcgu.o:(.text._ZN70_$LT$core..num..error..TryFromIntError$u20$as$u20$core..fmt..Debug$GT$3fmt17h4e156d0d8821d1d4E)
 8000c70  8000c70      160     1                 _$LT$core..num..error..TryFromIntError$u20$as$u20$core..fmt..Debug$GT$::fmt::h4e156d0d8821d1d4
 8000c70  8000c70        0     1                 $a
 8000db4  8000db4        0     1                 $d
 8000dd0  8000dd0      2f8     4         /data/dev/gbartx/target/armv4t-none-eabi/release/deps/gba_rt-3a5f5d6d4e9987e6.const_random-2c03847468e8acc5.const_random.3a2ce2026131bd48-cgu.0.rcgu.o.rcgu.o:(.text.__RUST_INTERRUPT_HANDLER)
 8000dd0  8000dd0        0     1                 $a
 8000dd0  8000dd0      2f8     1                 __RUST_INTERRUPT_HANDLER
 80010c4  80010c4        0     1                 $d
 80010c8  80010c8       5c     4         /data/dev/gbartx/target/armv4t-none-eabi/release/deps/gba_rt-3a5f5d6d4e9987e6.const_random-2c03847468e8acc5.const_random.3a2ce2026131bd48-cgu.0.rcgu.o.rcgu.o:(.text._ZN58_$LT$agb..mgba..MgbaWriter$u20$as$u20$core..fmt..Write$GT$9write_str17h3fc010ca5bac5fdfE)
 80010c8  80010c8       5c     1                 _$LT$agb..mgba..MgbaWriter$u20$as$u20$core..fmt..Write$GT$::write_str::h3fc010ca5bac5fdf
 80010c8  80010c8        0     1                 $a
 800111c  800111c        0     1                 $d
 8001124  8001124      104     4         /data/dev/gbartx/target/armv4t-none-eabi/release/deps/gba_rt-3a5f5d6d4e9987e6.const_random-2c03847468e8acc5.const_random.3a2ce2026131bd48-cgu.0.rcgu.o.rcgu.o:(.text._ZN4core3fmt5Write10write_char17h94769252fe77646cE)
 8001124  8001124      104     1                 core::fmt::Write::write_char::h94769252fe77646c
 8001124  8001124        0     1                 $a
 8001220  8001220        0     1                 $d
 8001228  8001228       a4     4         /data/dev/gbartx/target/armv4t-none-eabi/release/deps/gba_rt-3a5f5d6d4e9987e6.const_random-2c03847468e8acc5.const_random.3a2ce2026131bd48-cgu.0.rcgu.o.rcgu.o:(.text._ZN4core3fmt5Write9write_fmt17heece1d375db473d9E)
 8001228  8001228       a4     1                 core::fmt::Write::write_fmt::heece1d375db473d9
 8001228  8001228        0     1                 $a
 80012c0  80012c0        0     1                 $d
 80012cc  80012cc      43c     4         /data/dev/gbartx/target/armv4t-none-eabi/release/deps/gba_rt-3a5f5d6d4e9987e6.const_random-2c03847468e8acc5.const_random.3a2ce2026131bd48-cgu.0.rcgu.o.rcgu.o:(.text._ZN79_$LT$agb..panics_render..text..BitmapTextRender$u20$as$u20$core..fmt..Write$GT$9write_str17h92324e79f13def10E)
 80012cc  80012cc      43c     1                 _$LT$agb..panics_render..text..BitmapTextRender$u20$as$u20$core..fmt..Write$GT$::write_str::h92324e79f13def10
 80012cc  80012cc        0     1                 $a
 8001700  8001700        0     1                 $d
 8001708  8001708      46c     4         /data/dev/gbartx/target/armv4t-none-eabi/release/deps/gba_rt-3a5f5d6d4e9987e6.const_random-2c03847468e8acc5.const_random.3a2ce2026131bd48-cgu.0.rcgu.o.rcgu.o:(.text._ZN3agb5sound5mixer8sw_mixer5Mixer5frame17heafbdfa8e3e31a0cE)
 8001708  8001708      46c     1                 agb::sound::mixer::sw_mixer::Mixer::frame::heafbdfa8e3e31a0c
 8001708  8001708        0     1                 $a
 8001b50  8001b50        0     1                 $d
 8001b74  8001b74      150     4         /data/dev/gbartx/target/armv4t-none-eabi/release/deps/gba_rt-3a5f5d6d4e9987e6.const_random-2c03847468e8acc5.const_random.3a2ce2026131bd48-cgu.0.rcgu.o.rcgu.o:(.text._ZN3agb5sound5mixer8sw_mixer11MixerBuffer10write_mono17h7cf8644d64feccffE)
 8001b74  8001b74      150     1                 agb::sound::mixer::sw_mixer::MixerBuffer::write_mono::h7cf8644d64feccff
 8001b74  8001b74        0     1                 $a
 8001cc4  8001cc4       98     4         /data/dev/gbartx/target/armv4t-none-eabi/release/deps/gba_rt-3a5f5d6d4e9987e6.const_random-2c03847468e8acc5.const_random.3a2ce2026131bd48-cgu.0.rcgu.o.rcgu.o:(.text._ZN4core3ops8function6FnOnce40call_once$u7b$$u7b$vtable.shim$u7d$$u7d$17h47f5aa71e33dd8eeE)
 8001cc4  8001cc4       98     1                 core::ops::function::FnOnce::call_once$u7b$$u7b$vtable.shim$u7d$$u7d$::h47f5aa71e33dd8ee
 8001cc4  8001cc4        0     1                 $a
 8001d50  8001d50        0     1                 $d
 8001d5c  8001d5c       98     4         /data/dev/gbartx/target/armv4t-none-eabi/release/deps/gba_rt-3a5f5d6d4e9987e6.const_random-2c03847468e8acc5.const_random.3a2ce2026131bd48-cgu.0.rcgu.o.rcgu.o:(.text._ZN3agb5sound5mixer8sw_mixer5Mixer3new28_$u7b$$u7b$closure$u7d$$u7d$17h6337488e7850d4e9E)
 8001d5c  8001d5c       98     1                 agb::sound::mixer::sw_mixer::Mixer::new::_$u7b$$u7b$closure$u7d$$u7d$::h6337488e7850d4e9
 8001d5c  8001d5c        0     1                 $a
 8001de8  8001de8        0     1                 $d
 8001df4  8001df4        c     4         /data/dev/gbartx/target/armv4t-none-eabi/release/deps/gba_rt-3a5f5d6d4e9987e6.const_random-2c03847468e8acc5.const_random.3a2ce2026131bd48-cgu.0.rcgu.o.rcgu.o:(.text._ZN3agb9agb_alloc14iwram_data_end17hcc9e697290e08b35E)
 8001df4  8001df4        c     1                 agb::agb_alloc::iwram_data_end::hcc9e697290e08b35
 8001df4  8001df4        0     1                 $a
 8001dfc  8001dfc        0     1                 $d
 8001e00  8001e00        c     4         /data/dev/gbartx/target/armv4t-none-eabi/release/deps/gba_rt-3a5f5d6d4e9987e6.const_random-2c03847468e8acc5.const_random.3a2ce2026131bd48-cgu.0.rcgu.o.rcgu.o:(.text._ZN4core3ops8function6FnOnce9call_once17h1aeb533f927e29fdE)
 8001e00  8001e00        c     1                 core::ops::function::FnOnce::call_once::h1aeb533f927e29fd
 8001e00  8001e00        0     1                 $a
 8001e0c  8001e0c      194     4         /data/dev/gbartx/target/armv4t-none-eabi/release/deps/gba_rt-3a5f5d6d4e9987e6.const_random-2c03847468e8acc5.const_random.3a2ce2026131bd48-cgu.0.rcgu.o.rcgu.o:(.text.rust_begin_unwind)
 8001e0c  8001e0c      194     1                 rust_begin_unwind
 8001e0c  8001e0c        0     1                 $a
 8001f80  8001f80        0     1                 $d
 8001fa0  8001fa0      154     4         /data/dev/gbartx/target/armv4t-none-eabi/release/deps/gba_rt-3a5f5d6d4e9987e6.const_random-2c03847468e8acc5.const_random.3a2ce2026131bd48-cgu.0.rcgu.o.rcgu.o:(.text._ZN44_$LT$$RF$T$u20$as$u20$core..fmt..Display$GT$3fmt17hb5039be46ebf123bE)
 8001fa0  8001fa0      154     1                 _$LT$$RF$T$u20$as$u20$core..fmt..Display$GT$::fmt::hb5039be46ebf123b
 8001fa0  8001fa0        0     1                 $a
 80020e0  80020e0        0     1                 $d
 80020f4  80020f4       e8     4         /data/dev/gbartx/target/armv4t-none-eabi/release/deps/gba_rt-3a5f5d6d4e9987e6.const_random-2c03847468e8acc5.const_random.3a2ce2026131bd48-cgu.0.rcgu.o.rcgu.o:(.text._ZN3agb9backtrace16unwind_exception17h053d241c48a1efadE)
 80020f4  80020f4       e8     1                 agb::backtrace::unwind_exception::h053d241c48a1efad
 80020f4  80020f4        0     1                 $a
 80021dc  80021dc       2c     4         /data/dev/gbartx/target/armv4t-none-eabi/release/deps/gba_rt-3a5f5d6d4e9987e6.const_random-2c03847468e8acc5.const_random.3a2ce2026131bd48-cgu.0.rcgu.o.rcgu.o:(.text._ZN3agb13panics_render16render_backtrace17h6da24e6c297f2feeE)
 80021dc  80021dc       2c     1                 agb::panics_render::render_backtrace::h6da24e6c297f2fee
 80021dc  80021dc        0     1                 $a
 8002208  8002208       20     4         /data/dev/gbartx/target/armv4t-none-eabi/release/deps/gba_rt-3a5f5d6d4e9987e6.const_random-2c03847468e8acc5.const_random.3a2ce2026131bd48-cgu.0.rcgu.o.rcgu.o:(.text._ZN3agb3dma14dma3_exclusive17h7d6eccdeb1f21e9cE)
 8002208  8002208       20     1                 agb::dma::dma3_exclusive::h7d6eccdeb1f21e9c
 8002208  8002208        0     1                 $a
 8002228  8002228       40     4         /data/dev/gbartx/target/armv4t-none-eabi/release/deps/gba_rt-3a5f5d6d4e9987e6.const_random-2c03847468e8acc5.const_random.3a2ce2026131bd48-cgu.0.rcgu.o.rcgu.o:(.text._ZN3agb3dma14dma3_exclusive28_$u7b$$u7b$closure$u7d$$u7d$17hff6c266787a4b86fE)
 8002228  8002228       40     1                 agb::dma::dma3_exclusive::_$u7b$$u7b$closure$u7d$$u7d$::hff6c266787a4b86f
 8002228  8002228        0     1                 $a
 8002268  8002268     1f88     4         /data/dev/gbartx/target/armv4t-none-eabi/release/deps/gba_rt-3a5f5d6d4e9987e6.const_random-2c03847468e8acc5.const_random.3a2ce2026131bd48-cgu.0.rcgu.o.rcgu.o:(.text._ZN3agb13panics_render16render_backtrace28_$u7b$$u7b$closure$u7d$$u7d$28_$u7b$$u7b$closure$u7d$$u7d$17ha4f43a0e7a2c979eE)
 8002268  8002268     1f88     1                 agb::panics_render::render_backtrace::_$u7b$$u7b$closure$u7d$$u7d$::_$u7b$$u7b$closure$u7d$$u7d$::ha4f43a0e7a2c979e
 8002268  8002268        0     1                 $a
 8003254  8003254        0     1                 $d
 8003264  8003264        0     1                 $a
 8003328  8003328        0     1                 $d
 8003330  8003330        0     1                 $a
 8003394  8003394        0     1                 $d
 80033a8  80033a8        0     1                 $a
 80036c4  80036c4        0     1                 $d
 80036c8  80036c8        0     1                 $a
 80037a8  80037a8        0     1                 $d
 80037b4  80037b4        0     1                 $a
 8003878  8003878        0     1                 $d
 800387c  800387c        0     1                 $a
 8004198  8004198        0     1                 $d
 80041f0  80041f0      168     4         /data/dev/gbartx/target/armv4t-none-eabi/release/deps/gba_rt-3a5f5d6d4e9987e6.const_random-2c03847468e8acc5.const_random.3a2ce2026131bd48-cgu.0.rcgu.o.rcgu.o:(.text._ZN44_$LT$$RF$T$u20$as$u20$core..fmt..Display$GT$3fmt17h4a3f594b4cae5014E)
 80041f0  80041f0      168     1                 _$LT$$RF$T$u20$as$u20$core..fmt..Display$GT$::fmt::h4a3f594b4cae5014
 80041f0  80041f0        0     1                 $a
 8004348  8004348        0     1                 $d
 8004358  8004358       10     4         /data/dev/gbartx/target/armv4t-none-eabi/release/deps/gba_rt-3a5f5d6d4e9987e6.const_random-2c03847468e8acc5.const_random.3a2ce2026131bd48-cgu.0.rcgu.o.rcgu.o:(.text._ZN60_$LT$alloc..string..String$u20$as$u20$core..fmt..Display$GT$3fmt17h5f9e13a5d80d45e4E)
 8004358  8004358       10     1                 _$LT$alloc..string..String$u20$as$u20$core..fmt..Display$GT$::fmt::h5f9e13a5d80d45e4
 8004358  8004358        0     1                 $a
 8004368  8004368      268     4         /data/dev/gbartx/target/armv4t-none-eabi/release/deps/gba_rt-3a5f5d6d4e9987e6.const_random-2c03847468e8acc5.const_random.3a2ce2026131bd48-cgu.0.rcgu.o.rcgu.o:(.text._ZN67_$LT$qrcodegen_no_heap..DataTooLong$u20$as$u20$core..fmt..Debug$GT$3fmt17hc01394e06075bb6bE)
 8004368  8004368      268     1                 _$LT$qrcodegen_no_heap..DataTooLong$u20$as$u20$core..fmt..Debug$GT$::fmt::hc01394e06075bb6b
 8004368  8004368        0     1                 $a
 80045b0  80045b0        0     1                 $d
 80045d0  80045d0       d0     4         /data/dev/gbartx/target/armv4t-none-eabi/release/deps/gba_rt-3a5f5d6d4e9987e6.const_random-2c03847468e8acc5.const_random.3a2ce2026131bd48-cgu.0.rcgu.o.rcgu.o:(.text._ZN4core3fmt5Write10write_char17h27114256c5cf465dE)
 80045d0  80045d0       d0     1                 core::fmt::Write::write_char::h27114256c5cf465d
 80045d0  80045d0        0     1                 $a
 80046a0  80046a0       60     4         /data/dev/gbartx/target/armv4t-none-eabi/release/deps/gba_rt-3a5f5d6d4e9987e6.const_random-2c03847468e8acc5.const_random.3a2ce2026131bd48-cgu.0.rcgu.o.rcgu.o:(.text._ZN4core3fmt5Write9write_fmt17h8d87d90c514cbc3bE)
 80046a0  80046a0       60     1                 core::fmt::Write::write_fmt::h8d87d90c514cbc3b
 80046a0  80046a0        0     1                 $a
 80046fc  80046fc        0     1                 $d
 8004700  8004700      23c     4         /data/dev/gbartx/target/armv4t-none-eabi/release/deps/gba_rt-3a5f5d6d4e9987e6.const_random-2c03847468e8acc5.const_random.3a2ce2026131bd48-cgu.0.rcgu.o.rcgu.o:(.text._ZN4core3fmt3num52_$LT$impl$u20$core..fmt..Debug$u20$for$u20$usize$GT$3fmt17h874c3399810f2ba7E)
 8004700  8004700      23c     1                 core::fmt::num::_$LT$impl$u20$core..fmt..Debug$u20$for$u20$usize$GT$::fmt::h874c3399810f2ba7
 8004700  8004700        0     1                 $a
 800492c  800492c        0     1                 $d
 800493c  800493c      1c0     4         /data/dev/gbartx/target/armv4t-none-eabi/release/deps/gba_rt-3a5f5d6d4e9987e6.const_random-2c03847468e8acc5.const_random.3a2ce2026131bd48-cgu.0.rcgu.o.rcgu.o:(.text.__rust_dealloc)
 800493c  800493c      1c0     1                 __rust_dealloc
 800493c  800493c        0     1                 $a
 8004aec  8004aec        0     1                 $d
 8004afc  8004afc        4     4         /data/dev/gbartx/target/armv4t-none-eabi/release/deps/gba_rt-3a5f5d6d4e9987e6.const_random-2c03847468e8acc5.const_random.3a2ce2026131bd48-cgu.0.rcgu.o.rcgu.o:(.text.__rust_alloc_error_handler)
 8004afc  8004afc        4     1                 __rust_alloc_error_handler
 8004afc  8004afc        0     1                 $a
 8004b00  8004b00       98     4         /data/dev/gbartx/target/armv4t-none-eabi/release/deps/gba_rt-3a5f5d6d4e9987e6.const_random-2c03847468e8acc5.const_random.3a2ce2026131bd48-cgu.0.rcgu.o.rcgu.o:(.text._ZN5alloc7raw_vec19RawVec$LT$T$C$A$GT$8grow_one17ha6a2d72fc1884be1E)
 8004b00  8004b00       98     1                 alloc::raw_vec::RawVec$LT$T$C$A$GT$::grow_one::ha6a2d72fc1884be1
 8004b00  8004b00        0     1                 $a
 8004b94  8004b94        0     1                 $d
 8004b98  8004b98       80     4         /data/dev/gbartx/target/armv4t-none-eabi/release/deps/gba_rt-3a5f5d6d4e9987e6.const_random-2c03847468e8acc5.const_random.3a2ce2026131bd48-cgu.0.rcgu.o.rcgu.o:(.text.unlikely._ZN5alloc7raw_vec11finish_grow17hbe79828e07d7e27fE)
 8004b98  8004b98       80     1                 alloc::raw_vec::finish_grow::hbe79828e07d7e27f
 8004b98  8004b98        0     1                 $a
 8004c10  8004c10        0     1                 $d
 8004c18  8004c18       1c     4         /data/dev/gbartx/target/armv4t-none-eabi/release/deps/gba_rt-3a5f5d6d4e9987e6.const_random-2c03847468e8acc5.const_random.3a2ce2026131bd48-cgu.0.rcgu.o.rcgu.o:(.text.unlikely._ZN5alloc7raw_vec12handle_error17hc239c6166b3bdf2eE)
 8004c18  8004c18       1c     1                 alloc::raw_vec::handle_error::hc239c6166b3bdf2e
 8004c18  8004c18        0     1                 $a
 8004c34  8004c34       40     4         /data/dev/gbartx/target/armv4t-none-eabi/release/deps/gba_rt-3a5f5d6d4e9987e6.const_random-2c03847468e8acc5.const_random.3a2ce2026131bd48-cgu.0.rcgu.o.rcgu.o:(.text._ZN5alloc7raw_vec17capacity_overflow17h4170f5e06cbcf424E)
 8004c34  8004c34       40     1                 alloc::raw_vec::capacity_overflow::h4170f5e06cbcf424
 8004c34  8004c34        0     1                 $a
 8004c70  8004c70        0     1                 $d
 8004c74  8004c74        c     4         /data/dev/gbartx/target/armv4t-none-eabi/release/deps/gba_rt-3a5f5d6d4e9987e6.const_random-2c03847468e8acc5.const_random.3a2ce2026131bd48-cgu.0.rcgu.o.rcgu.o:(.text.unlikely._ZN5alloc5alloc18handle_alloc_error17hfa8d90c5b8167d40E)
 8004c74  8004c74        c     1                 alloc::alloc::handle_alloc_error::hfa8d90c5b8167d40
 8004c74  8004c74        0     1                 $a
 8004c80  8004c80       58     4         /data/dev/gbartx/target/armv4t-none-eabi/release/deps/gba_rt-3a5f5d6d4e9987e6.const_random-2c03847468e8acc5.const_random.3a2ce2026131bd48-cgu.0.rcgu.o.rcgu.o:(.text.__rdl_oom)
 8004c80  8004c80       58     1                 __rdl_oom
 8004c80  8004c80        0     1                 $a
 8004cd0  8004cd0        0     1                 $d
 8004cd8  8004cd8       9c     4         /data/dev/gbartx/target/armv4t-none-eabi/release/deps/gba_rt-3a5f5d6d4e9987e6.const_random-2c03847468e8acc5.const_random.3a2ce2026131bd48-cgu.0.rcgu.o.rcgu.o:(.text.unlikely._ZN5alloc7raw_vec20RawVecInner$LT$A$GT$7reserve21do_reserve_and_handle17hda7babf7332bb26aE)
 8004cd8  8004cd8       9c     1                 alloc::raw_vec::RawVecInner$LT$A$GT$::reserve::do_reserve_and_handle::hda7babf7332bb26a
 8004cd8  8004cd8        0     1                 $a
 8004d70  8004d70        0     1                 $d
 8004d74  8004d74      1ac     4         /data/dev/gbartx/target/armv4t-none-eabi/release/deps/gba_rt-3a5f5d6d4e9987e6.const_random-2c03847468e8acc5.const_random.3a2ce2026131bd48-cgu.0.rcgu.o.rcgu.o:(.text._ZN5alloc3fmt6format12format_inner17h2a8a8a41272d34aaE)
 8004d74  8004d74      1ac     1                 alloc::fmt::format::format_inner::h2a8a8a41272d34aa
 8004d74  8004d74        0     1                 $a
 8004f08  8004f08        0     1                 $d
 8004f20  8004f20       1c     4         /data/dev/gbartx/target/armv4t-none-eabi/release/deps/gba_rt-3a5f5d6d4e9987e6.const_random-2c03847468e8acc5.const_random.3a2ce2026131bd48-cgu.0.rcgu.o.rcgu.o:(.text._ZN53_$LT$core..fmt..Error$u20$as$u20$core..fmt..Debug$GT$3fmt17h35dadc4207a07187E.11)
 8004f20  8004f20       1c     1                 _$LT$core..fmt..Error$u20$as$u20$core..fmt..Debug$GT$::fmt::h35dadc4207a07187 (.11)
 8004f20  8004f20        0     1                 $a
 8004f38  8004f38        0     1                 $d
 8004f3c  8004f3c       18     4         /data/dev/gbartx/target/armv4t-none-eabi/release/deps/gba_rt-3a5f5d6d4e9987e6.const_random-2c03847468e8acc5.const_random.3a2ce2026131bd48-cgu.0.rcgu.o.rcgu.o:(.text._ZN4core3ptr42drop_in_place$LT$alloc..string..String$GT$17hc43b0a960967d3e2E)
 8004f3c  8004f3c       18     1                 core::ptr::drop_in_place$LT$alloc..string..String$GT$::hc43b0a960967d3e2
 8004f3c  8004f3c        0     1                 $a
 8004f54  8004f54       68     4         /data/dev/gbartx/target/armv4t-none-eabi/release/deps/gba_rt-3a5f5d6d4e9987e6.const_random-2c03847468e8acc5.const_random.3a2ce2026131bd48-cgu.0.rcgu.o.rcgu.o:(.text._ZN58_$LT$alloc..string..String$u20$as$u20$core..fmt..Write$GT$9write_str17h8eb998c9fdb702ebE)
 8004f54  8004f54       68     1                 _$LT$alloc..string..String$u20$as$u20$core..fmt..Write$GT$::write_str::h8eb998c9fdb702eb
 8004f54  8004f54        0     1                 $a
 8004fbc  8004fbc      134     4         /data/dev/gbartx/target/armv4t-none-eabi/release/deps/gba_rt-3a5f5d6d4e9987e6.const_random-2c03847468e8acc5.const_random.3a2ce2026131bd48-cgu.0.rcgu.o.rcgu.o:(.text._ZN58_$LT$alloc..string..String$u20$as$u20$core..fmt..Write$GT$10write_char17h68ad155bdf847b89E)
 8004fbc  8004fbc      134     1                 _$LT$alloc..string..String$u20$as$u20$core..fmt..Write$GT$::write_char::h68ad155bdf847b89
 8004fbc  8004fbc        0     1                 $a
 80050f0  80050f0       bc     4         /data/dev/gbartx/target/armv4t-none-eabi/release/deps/gba_rt-3a5f5d6d4e9987e6.const_random-2c03847468e8acc5.const_random.3a2ce2026131bd48-cgu.0.rcgu.o.rcgu.o:(.text._ZN4core3fmt5Write9write_fmt17hc590bbf8924967b1E)
 80050f0  80050f0       bc     1                 core::fmt::Write::write_fmt::hc590bbf8924967b1
 80050f0  80050f0        0     1                 $a
 80051a8  80051a8        0     1                 $d
 80051ac  80051ac       b8     4         /data/dev/gbartx/target/armv4t-none-eabi/release/deps/gba_rt-3a5f5d6d4e9987e6.const_random-2c03847468e8acc5.const_random.3a2ce2026131bd48-cgu.0.rcgu.o.rcgu.o:(.text._ZN5alloc7raw_vec19RawVec$LT$T$C$A$GT$8grow_one17h512a1fa656327b04E)
 80051ac  80051ac       b8     1                 alloc::raw_vec::RawVec$LT$T$C$A$GT$::grow_one::h512a1fa656327b04
 80051ac  80051ac        0     1                 $a
 8005260  8005260        0     1                 $d
 8005264  8005264       64     4         /data/dev/gbartx/target/armv4t-none-eabi/release/deps/gba_rt-3a5f5d6d4e9987e6.const_random-2c03847468e8acc5.const_random.3a2ce2026131bd48-cgu.0.rcgu.o.rcgu.o:(.text.unlikely._ZN4core9panicking18panic_bounds_check17hf032af41a94bf23dE)
 8005264  8005264       64     1                 core::panicking::panic_bounds_check::hf032af41a94bf23d
 8005264  8005264        0     1                 $a
 80052c0  80052c0        0     1                 $d
 80052c8  80052c8       20     4         /data/dev/gbartx/target/armv4t-none-eabi/release/deps/gba_rt-3a5f5d6d4e9987e6.const_random-2c03847468e8acc5.const_random.3a2ce2026131bd48-cgu.0.rcgu.o.rcgu.o:(.text.unlikely._ZN4core9panicking9panic_fmt17h45ef63d51d22c6edE)
 80052c8  80052c8       20     1                 core::panicking::panic_fmt::h45ef63d51d22c6ed
 80052c8  80052c8        0     1                 $a
 80052e8  80052e8      338     4         /data/dev/gbartx/target/armv4t-none-eabi/release/deps/gba_rt-3a5f5d6d4e9987e6.const_random-2c03847468e8acc5.const_random.3a2ce2026131bd48-cgu.0.rcgu.o.rcgu.o:(.text._ZN4core3fmt9Formatter12pad_integral17hcd990f75b58e7722E)
 80052e8  80052e8      338     1                 core::fmt::Formatter::pad_integral::hcd990f75b58e7722
 80052e8  80052e8        0     1                 $a
 8005620  8005620       70     4         /data/dev/gbartx/target/armv4t-none-eabi/release/deps/gba_rt-3a5f5d6d4e9987e6.const_random-2c03847468e8acc5.const_random.3a2ce2026131bd48-cgu.0.rcgu.o.rcgu.o:(.text._ZN4core3fmt9Formatter12pad_integral12write_prefix17hd670503ff3dbaeb6E)
 8005620  8005620       70     1                 core::fmt::Formatter::pad_integral::write_prefix::hd670503ff3dbaeb6
 8005620  8005620        0     1                 $a
 8005690  8005690        c     4         /data/dev/gbartx/target/armv4t-none-eabi/release/deps/gba_rt-3a5f5d6d4e9987e6.const_random-2c03847468e8acc5.const_random.3a2ce2026131bd48-cgu.0.rcgu.o.rcgu.o:(.text.unlikely._ZN4core5slice5index24slice_end_index_len_fail17h7f85064592145196E)
 8005690  8005690        c     1                 core::slice::index::slice_end_index_len_fail::h7f85064592145196
 8005690  8005690        0     1                 $a
 800569c  800569c       64     4         /data/dev/gbartx/target/armv4t-none-eabi/release/deps/gba_rt-3a5f5d6d4e9987e6.const_random-2c03847468e8acc5.const_random.3a2ce2026131bd48-cgu.0.rcgu.o.rcgu.o:(.text._ZN4core5slice5index24slice_end_index_len_fail8do_panic7runtime17h0fdc361cfbaf87f4E)
 800569c  800569c       64     1                 core::slice::index::slice_end_index_len_fail::do_panic::runtime::h0fdc361cfbaf87f4
 800569c  800569c        0     1                 $a
 80056f8  80056f8        0     1                 $d
 8005700  8005700      4c8     4         /data/dev/gbartx/target/armv4t-none-eabi/release/deps/gba_rt-3a5f5d6d4e9987e6.const_random-2c03847468e8acc5.const_random.3a2ce2026131bd48-cgu.0.rcgu.o.rcgu.o:(.text._ZN4core3fmt9Formatter3pad17hf9acb7116982ff5dE)
 8005700  8005700      4c8     1                 core::fmt::Formatter::pad::hf9acb7116982ff5d
 8005700  8005700        0     1                 $a
 8005bc4  8005bc4        0     1                 $d
 8005bc8  8005bc8       44     4         /data/dev/gbartx/target/armv4t-none-eabi/release/deps/gba_rt-3a5f5d6d4e9987e6.const_random-2c03847468e8acc5.const_random.3a2ce2026131bd48-cgu.0.rcgu.o.rcgu.o:(.text.unlikely._ZN4core9panicking5panic17h7b5d58b9026ee357E)
 8005bc8  8005bc8       44     1                 core::panicking::panic::h7b5d58b9026ee357
 8005bc8  8005bc8        0     1                 $a
 8005c0c  8005c0c       38     4         /data/dev/gbartx/target/armv4t-none-eabi/release/deps/gba_rt-3a5f5d6d4e9987e6.const_random-2c03847468e8acc5.const_random.3a2ce2026131bd48-cgu.0.rcgu.o.rcgu.o:(.text.unlikely._ZN4core9panicking13assert_failed17haf3b2d0bdc7e63dbE)
 8005c0c  8005c0c       38     1                 core::panicking::assert_failed::haf3b2d0bdc7e63db
 8005c0c  8005c0c        0     1                 $a
 8005c3c  8005c3c        0     1                 $d
 8005c44  8005c44      104     4         /data/dev/gbartx/target/armv4t-none-eabi/release/deps/gba_rt-3a5f5d6d4e9987e6.const_random-2c03847468e8acc5.const_random.3a2ce2026131bd48-cgu.0.rcgu.o.rcgu.o:(.text.unlikely._ZN4core9panicking19assert_failed_inner17h02765e7cb5b5bf9fE)
 8005c44  8005c44      104     1                 core::panicking::assert_failed_inner::h02765e7cb5b5bf9f
 8005c44  8005c44        0     1                 $a
 8005d30  8005d30        0     1                 $d
 8005d48  8005d48       14     4         /data/dev/gbartx/target/armv4t-none-eabi/release/deps/gba_rt-3a5f5d6d4e9987e6.const_random-2c03847468e8acc5.const_random.3a2ce2026131bd48-cgu.0.rcgu.o.rcgu.o:(.text._ZN42_$LT$$RF$T$u20$as$u20$core..fmt..Debug$GT$3fmt17ha5cdec22a34bc709E)
 8005d48  8005d48       14     1                 _$LT$$RF$T$u20$as$u20$core..fmt..Debug$GT$::fmt::ha5cdec22a34bc709
 8005d48  8005d48        0     1                 $a
 8005d5c  8005d5c       10     4         /data/dev/gbartx/target/armv4t-none-eabi/release/deps/gba_rt-3a5f5d6d4e9987e6.const_random-2c03847468e8acc5.const_random.3a2ce2026131bd48-cgu.0.rcgu.o.rcgu.o:(.text._ZN59_$LT$core..fmt..Arguments$u20$as$u20$core..fmt..Display$GT$3fmt17h0977c2dd314f4464E)
 8005d5c  8005d5c       10     1                 _$LT$core..fmt..Arguments$u20$as$u20$core..fmt..Display$GT$::fmt::h0977c2dd314f4464
 8005d5c  8005d5c        0     1                 $a
 8005d6c  8005d6c      25c     4         /data/dev/gbartx/target/armv4t-none-eabi/release/deps/gba_rt-3a5f5d6d4e9987e6.const_random-2c03847468e8acc5.const_random.3a2ce2026131bd48-cgu.0.rcgu.o.rcgu.o:(.text._ZN4core3fmt5write17hbd3af92694ae0fc2E)
 8005d6c  8005d6c      25c     1                 core::fmt::write::hbd3af92694ae0fc2
 8005d6c  8005d6c        0     1                 $a
 8005fc8  8005fc8      280     4         /data/dev/gbartx/target/armv4t-none-eabi/release/deps/gba_rt-3a5f5d6d4e9987e6.const_random-2c03847468e8acc5.const_random.3a2ce2026131bd48-cgu.0.rcgu.o.rcgu.o:(.text._ZN42_$LT$$RF$T$u20$as$u20$core..fmt..Debug$GT$3fmt17hcf640098a32512e3E)
 8005fc8  8005fc8      280     1                 _$LT$$RF$T$u20$as$u20$core..fmt..Debug$GT$::fmt::hcf640098a32512e3
 8005fc8  8005fc8        0     1                 $a
 800623c  800623c        0     1                 $d
 8006248  8006248      26c     4         /data/dev/gbartx/target/armv4t-none-eabi/release/deps/gba_rt-3a5f5d6d4e9987e6.const_random-2c03847468e8acc5.const_random.3a2ce2026131bd48-cgu.0.rcgu.o.rcgu.o:(.text._ZN4core3num7flt2dec8strategy6dragon9mul_pow1017hc855a37e20da5c10E)
 8006248  8006248      26c     1                 core::num::flt2dec::strategy::dragon::mul_pow10::hc855a37e20da5c10
 8006248  8006248        0     1                 $a
 8006494  8006494        0     1                 $d
 80064b4  80064b4      214     4         /data/dev/gbartx/target/armv4t-none-eabi/release/deps/gba_rt-3a5f5d6d4e9987e6.const_random-2c03847468e8acc5.const_random.3a2ce2026131bd48-cgu.0.rcgu.o.rcgu.o:(.text._ZN4core3num6bignum8Big32x4010mul_digits17h1f9fe339675f8c3fE)
 80064b4  80064b4      214     1                 core::num::bignum::Big32x40::mul_digits::h1f9fe339675f8c3f
 80064b4  80064b4        0     1                 $a
 80066c4  80066c4        0     1                 $d
 80066c8  80066c8      194     4         /data/dev/gbartx/target/armv4t-none-eabi/release/deps/gba_rt-3a5f5d6d4e9987e6.const_random-2c03847468e8acc5.const_random.3a2ce2026131bd48-cgu.0.rcgu.o.rcgu.o:(.text._ZN4core3num6bignum8Big32x408mul_pow217h4f5a604780038df7E)
 80066c8  80066c8      194     1                 core::num::bignum::Big32x40::mul_pow2::h4f5a604780038df7
 80066c8  80066c8        0     1                 $a
 8006854  8006854        0     1                 $d
 800685c  800685c       40     4         /data/dev/gbartx/target/armv4t-none-eabi/release/deps/gba_rt-3a5f5d6d4e9987e6.const_random-2c03847468e8acc5.const_random.3a2ce2026131bd48-cgu.0.rcgu.o.rcgu.o:(.text.unlikely._ZN4core9panicking11panic_const23panic_const_div_by_zero17hf9afdd7c537dcc7eE)
 800685c  800685c       40     1                 core::panicking::panic_const::panic_const_div_by_zero::hf9afdd7c537dcc7e
 800685c  800685c        0     1                 $a
 8006898  8006898        0     1                 $d
 800689c  800689c      220     4         /data/dev/gbartx/target/armv4t-none-eabi/release/deps/gba_rt-3a5f5d6d4e9987e6.const_random-2c03847468e8acc5.const_random.3a2ce2026131bd48-cgu.0.rcgu.o.rcgu.o:(.text._ZN4core3num7flt2dec8strategy5grisu16format_exact_opt14possibly_round17h22ca95eb03d1e354E)
 800689c  800689c      220     1                 core::num::flt2dec::strategy::grisu::format_exact_opt::possibly_round::h22ca95eb03d1e354
 800689c  800689c        0     1                 $a
 8006ab8  8006ab8        0     1                 $d
 8006abc  8006abc      178     4         /data/dev/gbartx/target/armv4t-none-eabi/release/deps/gba_rt-3a5f5d6d4e9987e6.const_random-2c03847468e8acc5.const_random.3a2ce2026131bd48-cgu.0.rcgu.o.rcgu.o:(.text._ZN4core3num7flt2dec17digits_to_dec_str17h299d53362a706a4fE)
 8006abc  8006abc      178     1                 core::num::flt2dec::digits_to_dec_str::h299d53362a706a4f
 8006abc  8006abc        0     1                 $a
 8006c20  8006c20        0     1                 $d
 8006c34  8006c34      190     4         /data/dev/gbartx/target/armv4t-none-eabi/release/deps/gba_rt-3a5f5d6d4e9987e6.const_random-2c03847468e8acc5.const_random.3a2ce2026131bd48-cgu.0.rcgu.o.rcgu.o:(.text._ZN4core3fmt3num3imp52_$LT$impl$u20$core..fmt..Display$u20$for$u20$u32$GT$3fmt17h76a6b11313a79e65E)
 8006c34  8006c34      190     1                 core::fmt::num::imp::_$LT$impl$u20$core..fmt..Display$u20$for$u20$u32$GT$::fmt::h76a6b11313a79e65
 8006c34  8006c34        0     1                 $a
 8006db8  8006db8        0     1                 $d
 8006dc4  8006dc4       1c     4         /data/dev/gbartx/target/armv4t-none-eabi/release/deps/gba_rt-3a5f5d6d4e9987e6.const_random-2c03847468e8acc5.const_random.3a2ce2026131bd48-cgu.0.rcgu.o.rcgu.o:(.text._ZN63_$LT$core..cell..BorrowMutError$u20$as$u20$core..fmt..Debug$GT$3fmt17h7f12d77c516bcf58E)
 8006dc4  8006dc4       1c     1                 _$LT$core..cell..BorrowMutError$u20$as$u20$core..fmt..Debug$GT$::fmt::h7f12d77c516bcf58
 8006dc4  8006dc4        0     1                 $a
 8006ddc  8006ddc        0     1                 $d
 8006de0  8006de0       58     4         /data/dev/gbartx/target/armv4t-none-eabi/release/deps/gba_rt-3a5f5d6d4e9987e6.const_random-2c03847468e8acc5.const_random.3a2ce2026131bd48-cgu.0.rcgu.o.rcgu.o:(.text.unlikely._ZN4core4cell22panic_already_borrowed17he92947d11cc4802dE)
 8006de0  8006de0       58     1                 core::cell::panic_already_borrowed::he92947d11cc4802d
 8006de0  8006de0        0     1                 $a
 8006e2c  8006e2c        0     1                 $d
 8006e38  8006e38      280     4         /data/dev/gbartx/target/armv4t-none-eabi/release/deps/gba_rt-3a5f5d6d4e9987e6.const_random-2c03847468e8acc5.const_random.3a2ce2026131bd48-cgu.0.rcgu.o.rcgu.o:(.text._ZN68_$LT$core..fmt..builders..PadAdapter$u20$as$u20$core..fmt..Write$GT$9write_str17h72a3834ad3d523b8E)
 8006e38  8006e38      280     1                 _$LT$core..fmt..builders..PadAdapter$u20$as$u20$core..fmt..Write$GT$::write_str::h72a3834ad3d523b8
 8006e38  8006e38        0     1                 $a
 80070a8  80070a8        0     1                 $d
 80070b8  80070b8       70     4         /data/dev/gbartx/target/armv4t-none-eabi/release/deps/gba_rt-3a5f5d6d4e9987e6.const_random-2c03847468e8acc5.const_random.3a2ce2026131bd48-cgu.0.rcgu.o.rcgu.o:(.text._ZN68_$LT$core..fmt..builders..PadAdapter$u20$as$u20$core..fmt..Write$GT$10write_char17h65e1067018e855a6E)
 80070b8  80070b8       70     1                 _$LT$core..fmt..builders..PadAdapter$u20$as$u20$core..fmt..Write$GT$::write_char::h65e1067018e855a6
 80070b8  80070b8        0     1                 $a
 8007124  8007124        0     1                 $d
 8007128  8007128       4c     4         /data/dev/gbartx/target/armv4t-none-eabi/release/deps/gba_rt-3a5f5d6d4e9987e6.const_random-2c03847468e8acc5.const_random.3a2ce2026131bd48-cgu.0.rcgu.o.rcgu.o:(.text._ZN4core3fmt5Write9write_fmt17h38e29b444b4c68e0E)
 8007128  8007128       4c     1                 core::fmt::Write::write_fmt::h38e29b444b4c68e0
 8007128  8007128        0     1                 $a
 8007170  8007170        0     1                 $d
 8007174  8007174       6c     4         /data/dev/gbartx/target/armv4t-none-eabi/release/deps/gba_rt-3a5f5d6d4e9987e6.const_random-2c03847468e8acc5.const_random.3a2ce2026131bd48-cgu.0.rcgu.o.rcgu.o:(.text.unlikely._ZN4core6result13unwrap_failed17h8cfeeb3194d5a047E)
 8007174  8007174       6c     1                 core::result::unwrap_failed::h8cfeeb3194d5a047
 8007174  8007174        0     1                 $a
 80071d4  80071d4        0     1                 $d
 80071e0  80071e0        c     4         /data/dev/gbartx/target/armv4t-none-eabi/release/deps/gba_rt-3a5f5d6d4e9987e6.const_random-2c03847468e8acc5.const_random.3a2ce2026131bd48-cgu.0.rcgu.o.rcgu.o:(.text.unlikely._ZN4core5slice5index22slice_index_order_fail17hbb1fdac5b66a51b0E)
 80071e0  80071e0        c     1                 core::slice::index::slice_index_order_fail::hbb1fdac5b66a51b0
 80071e0  80071e0        0     1                 $a
 80071ec  80071ec       68     4         /data/dev/gbartx/target/armv4t-none-eabi/release/deps/gba_rt-3a5f5d6d4e9987e6.const_random-2c03847468e8acc5.const_random.3a2ce2026131bd48-cgu.0.rcgu.o.rcgu.o:(.text._ZN4core5slice5index22slice_index_order_fail8do_panic7runtime17hd83183f5e8118354E)
 80071ec  80071ec       68     1                 core::slice::index::slice_index_order_fail::do_panic::runtime::hd83183f5e8118354
 80071ec  80071ec        0     1                 $a
 8007248  8007248        0     1                 $d
 8007254  8007254       1c     4         /data/dev/gbartx/target/armv4t-none-eabi/release/deps/gba_rt-3a5f5d6d4e9987e6.const_random-2c03847468e8acc5.const_random.3a2ce2026131bd48-cgu.0.rcgu.o.rcgu.o:(.text.unlikely._ZN4core6option13unwrap_failed17h75102c255b4874b1E)
 8007254  8007254       1c     1                 core::option::unwrap_failed::h75102c255b4874b1
 8007254  8007254        0     1                 $a
 800726c  800726c        0     1                 $d
 8007270  8007270       6c     4         /data/dev/gbartx/target/armv4t-none-eabi/release/deps/gba_rt-3a5f5d6d4e9987e6.const_random-2c03847468e8acc5.const_random.3a2ce2026131bd48-cgu.0.rcgu.o.rcgu.o:(.text.unlikely._ZN4core6option13expect_failed17hcc95061321e8448cE)
 8007270  8007270       6c     1                 core::option::expect_failed::hcc95061321e8448c
 8007270  8007270        0     1                 $a
 80072cc  80072cc        0     1                 $d
 80072dc  80072dc       3c     4         /data/dev/gbartx/target/armv4t-none-eabi/release/deps/gba_rt-3a5f5d6d4e9987e6.const_random-2c03847468e8acc5.const_random.3a2ce2026131bd48-cgu.0.rcgu.o.rcgu.o:(.text.unlikely._ZN4core9panicking18panic_nounwind_fmt17hda64184ac224b78eE)
 80072dc  80072dc       3c     1                 core::panicking::panic_nounwind_fmt::hda64184ac224b78e
 80072dc  80072dc        0     1                 $a
 8007314  8007314        0     1                 $d
 8007318  8007318       38     4         /data/dev/gbartx/target/armv4t-none-eabi/release/deps/gba_rt-3a5f5d6d4e9987e6.const_random-2c03847468e8acc5.const_random.3a2ce2026131bd48-cgu.0.rcgu.o.rcgu.o:(.text.unlikely._ZN4core9panicking13assert_failed17h24c1f2fb68cbad54E)
 8007318  8007318       38     1                 core::panicking::assert_failed::h24c1f2fb68cbad54
 8007318  8007318        0     1                 $a
 8007348  8007348        0     1                 $d
 8007350  8007350        c     4         /data/dev/gbartx/target/armv4t-none-eabi/release/deps/gba_rt-3a5f5d6d4e9987e6.const_random-2c03847468e8acc5.const_random.3a2ce2026131bd48-cgu.0.rcgu.o.rcgu.o:(.text._ZN42_$LT$$RF$T$u20$as$u20$core..fmt..Debug$GT$3fmt17hd75dc96a0ef803dcE)
 8007350  8007350        c     1                 _$LT$$RF$T$u20$as$u20$core..fmt..Debug$GT$::fmt::hd75dc96a0ef803dc
 8007350  8007350        0     1                 $a
 800735c  800735c      254     4         /data/dev/gbartx/target/armv4t-none-eabi/release/deps/gba_rt-3a5f5d6d4e9987e6.const_random-2c03847468e8acc5.const_random.3a2ce2026131bd48-cgu.0.rcgu.o.rcgu.o:(.text._ZN4core3fmt9Formatter19pad_formatted_parts17h4c183245f4f319d5E)
 800735c  800735c      254     1                 core::fmt::Formatter::pad_formatted_parts::h4c183245f4f319d5
 800735c  800735c        0     1                 $a
 80075b0  80075b0      2a0     4         /data/dev/gbartx/target/armv4t-none-eabi/release/deps/gba_rt-3a5f5d6d4e9987e6.const_random-2c03847468e8acc5.const_random.3a2ce2026131bd48-cgu.0.rcgu.o.rcgu.o:(.text._ZN4core3fmt9Formatter21write_formatted_parts17hace0b878c9d618a8E)
 80075b0  80075b0      2a0     1                 core::fmt::Formatter::write_formatted_parts::hace0b878c9d618a8
 80075b0  80075b0        0     1                 $a
 800784c  800784c        0     1                 $d
 8007850  8007850     149c     4         /data/dev/gbartx/target/armv4t-none-eabi/release/deps/gba_rt-3a5f5d6d4e9987e6.const_random-2c03847468e8acc5.const_random.3a2ce2026131bd48-cgu.0.rcgu.o.rcgu.o:(.text._ZN4core3fmt5float29float_to_decimal_common_exact17h6844d2a31d9b6a19E)
 8007850  8007850     149c     1                 core::fmt::float::float_to_decimal_common_exact::h6844d2a31d9b6a19
 8007850  8007850        0     1                 $a
 800881c  800881c        0     1                 $d
 8008824  8008824        0     1                 $a
 80088bc  80088bc        0     1                 $d
 80088c4  80088c4        0     1                 $a
 800891c  800891c        0     1                 $d
 8008920  8008920        0     1                 $a
 8008984  8008984        0     1                 $d
 800898c  800898c        0     1                 $a
 8008a94  8008a94        0     1                 $d
 8008a98  8008a98        0     1                 $a
 8008ad8  8008ad8        0     1                 $d
 8008adc  8008adc        0     1                 $a
 8008c30  8008c30        0     1                 $d
 8008c34  8008c34        0     1                 $a
 8008c98  8008c98        0     1                 $d
 8008cec  8008cec     1f28     4         /data/dev/gbartx/target/armv4t-none-eabi/release/deps/gba_rt-3a5f5d6d4e9987e6.const_random-2c03847468e8acc5.const_random.3a2ce2026131bd48-cgu.0.rcgu.o.rcgu.o:(.text._ZN4core3fmt5float32float_to_decimal_common_shortest17h2458727256af5e19E)
 8008cec  8008cec     1f28     1                 core::fmt::float::float_to_decimal_common_shortest::h2458727256af5e19
 8008cec  8008cec        0     1                 $a
 8009d00  8009d00        0     1                 $d
 8009d14  8009d14        0     1                 $a
 8009de8  8009de8        0     1                 $d
 8009dec  8009dec        0     1                 $a
 8009f34  8009f34        0     1                 $d
 8009f38  8009f38        0     1                 $a
 800a058  800a058        0     1                 $d
 800a05c  800a05c        0     1                 $a
 800a274  800a274        0     1                 $d
 800a280  800a280        0     1                 $a
 800a320  800a320        0     1                 $d
 800a324  800a324        0     1                 $a
 800a408  800a408        0     1                 $d
 800a40c  800a40c        0     1                 $a
 800a7e4  800a7e4        0     1                 $d
 800a7e8  800a7e8        0     1                 $a
 800aa34  800aa34        0     1                 $d
 800aa4c  800aa4c        0     1                 $a
 800abd4  800abd4        0     1                 $d
 800ac14  800ac14       44     4         /data/dev/gbartx/target/armv4t-none-eabi/release/deps/gba_rt-3a5f5d6d4e9987e6.const_random-2c03847468e8acc5.const_random.3a2ce2026131bd48-cgu.0.rcgu.o.rcgu.o:(.text.unlikely._ZN4core9panicking11panic_const23panic_const_rem_by_zero17h5e7152cd731c375eE)
 800ac14  800ac14       44     1                 core::panicking::panic_const::panic_const_rem_by_zero::h5e7152cd731c375e
 800ac14  800ac14        0     1                 $a
 800ac50  800ac50        0     1                 $d
 800ac58  800ac58       5c     4         /data/dev/gbartx/target/armv4t-none-eabi/release/deps/gba_rt-3a5f5d6d4e9987e6.const_random-2c03847468e8acc5.const_random.3a2ce2026131bd48-cgu.0.rcgu.o.rcgu.o:(.text._ZN4core3fmt5float52_$LT$impl$u20$core..fmt..Display$u20$for$u20$f64$GT$3fmt17he8de60e9cec609e2E)
 800ac58  800ac58       5c     1                 core::fmt::float::_$LT$impl$u20$core..fmt..Display$u20$for$u20$f64$GT$::fmt::he8de60e9cec609e2
 800ac58  800ac58        0     1                 $a
 800acb4  800acb4      ae0     4         /data/dev/gbartx/target/armv4t-none-eabi/release/deps/gba_rt-3a5f5d6d4e9987e6.const_random-2c03847468e8acc5.const_random.3a2ce2026131bd48-cgu.0.rcgu.o.rcgu.o:(.text._ZN17qrcodegen_no_heap6QrCode28encode_segments_to_codewords17h1d969a87108884d5E)
 800acb4  800acb4      ae0     1                 qrcodegen_no_heap::QrCode::encode_segments_to_codewords::h1d969a87108884d5
 800acb4  800acb4        0     1                 $a
 800adb4  800adb4        0     1                 $d
 800adc8  800adc8        0     1                 $a
 800b04c  800b04c        0     1                 $d
 800b060  800b060        0     1                 $a
 800b70c  800b70c        0     1                 $d
 800b720  800b720        0     1                 $a
 800b780  800b780        0     1                 $d
 800b794  800b794     1edc     4         /data/dev/gbartx/target/armv4t-none-eabi/release/deps/gba_rt-3a5f5d6d4e9987e6.const_random-2c03847468e8acc5.const_random.3a2ce2026131bd48-cgu.0.rcgu.o.rcgu.o:(.text._ZN17qrcodegen_no_heap6QrCode16encode_codewords17he1d532f30a2b5cffE)
 800b794  800b794     1edc     1                 qrcodegen_no_heap::QrCode::encode_codewords::he1d532f30a2b5cff
 800b794  800b794        0     1                 $a
 800c844  800c844        0     1                 $d
 800c84c  800c84c        0     1                 $a
 800d650  800d650        0     1                 $d
 800d670  800d670       d8     4         /data/dev/gbartx/target/armv4t-none-eabi/release/deps/gba_rt-3a5f5d6d4e9987e6.const_random-2c03847468e8acc5.const_random.3a2ce2026131bd48-cgu.0.rcgu.o.rcgu.o:(.text._ZN17qrcodegen_no_heap9BitBuffer11append_bits17ha9267d891a4e48c2E)
 800d670  800d670       d8     1                 qrcodegen_no_heap::BitBuffer::append_bits::ha9267d891a4e48c2
 800d670  800d670        0     1                 $a
 800d73c  800d73c        0     1                 $d
 800d748  800d748      f90     4         /data/dev/gbartx/target/armv4t-none-eabi/release/deps/gba_rt-3a5f5d6d4e9987e6.const_random-2c03847468e8acc5.const_random.3a2ce2026131bd48-cgu.0.rcgu.o.rcgu.o:(.text._ZN17qrcodegen_no_heap6QrCode23function_modules_marked17h0449d21efd7f4f7dE)
 800d748  800d748      f90     1                 qrcodegen_no_heap::QrCode::function_modules_marked::h0449d21efd7f4f7d
 800d748  800d748        0     1                 $a
 800e6cc  800e6cc        0     1                 $d
 800e6d8  800e6d8      2c8     4         /data/dev/gbartx/target/armv4t-none-eabi/release/deps/gba_rt-3a5f5d6d4e9987e6.const_random-2c03847468e8acc5.const_random.3a2ce2026131bd48-cgu.0.rcgu.o.rcgu.o:(.text._ZN17qrcodegen_no_heap6QrCode10apply_mask17h8a6263594a57dd1aE)
 800e6d8  800e6d8      2c8     1                 qrcodegen_no_heap::QrCode::apply_mask::h8a6263594a57dd1a
 800e6d8  800e6d8        0     1                 $a
 800e7e4  800e7e4        0     1                 $d
 800e804  800e804        0     1                 $a
 800e98c  800e98c        0     1                 $d
 800e9a0  800e9a0      a94     4         /data/dev/gbartx/target/armv4t-none-eabi/release/deps/gba_rt-3a5f5d6d4e9987e6.const_random-2c03847468e8acc5.const_random.3a2ce2026131bd48-cgu.0.rcgu.o.rcgu.o:(.text._ZN17qrcodegen_no_heap6QrCode16draw_format_bits17h28f05c140c0d2e47E)
 800e9a0  800e9a0      a94     1                 qrcodegen_no_heap::QrCode::draw_format_bits::h28f05c140c0d2e47
 800e9a0  800e9a0        0     1                 $a
 800f428  800f428        0     1                 $d
 800f434  800f434      2c0     4         /data/dev/gbartx/target/armv4t-none-eabi/release/deps/libcompiler_builtins-de04ddc271228ff8.rlib(compiler_builtins-de04ddc271228ff8.compiler_builtins.8a5b63df888e1f5b-cgu.0.rcgu.o):(.text.__floatuntidf)
 800f434  800f434        0     1                 $a
 800f434  800f434      2c0     1                 __floatuntidf
 800f6e4  800f6e4        0     1                 $d
 800f6f4  800f6f4      520     4         /data/dev/gbartx/target/armv4t-none-eabi/release/deps/libcompiler_builtins-de04ddc271228ff8.rlib(compiler_builtins-de04ddc271228ff8.compiler_builtins.8a5b63df888e1f5b-cgu.0.rcgu.o):(.text._ZN17compiler_builtins5float3div8__divdf317h4224b8786b1bb26eE)
 800f6f4  800f6f4        0     1                 $a
 800f6f4  800f6f4      520     1                 compiler_builtins::float::div::__divdf3::h4224b8786b1bb26e
 800fbfc  800fbfc        0     1                 $d
 800fc14  800fc14        4     4         /data/dev/gbartx/target/armv4t-none-eabi/release/deps/libcompiler_builtins-de04ddc271228ff8.rlib(compiler_builtins-de04ddc271228ff8.compiler_builtins.8a5b63df888e1f5b-cgu.0.rcgu.o):(.text.__aeabi_ddiv)
 800fc14  800fc14        0     1                 $a
 800fc14  800fc14        4     1                 __aeabi_ddiv
 800fc18  800fc18      2ec     4         /data/dev/gbartx/target/armv4t-none-eabi/release/deps/libcompiler_builtins-de04ddc271228ff8.rlib(compiler_builtins-de04ddc271228ff8.compiler_builtins.8a5b63df888e1f5b-cgu.0.rcgu.o):(.text._ZN17compiler_builtins3int19specialized_div_rem11u64_div_rem17h62d770be50956250E)
 800fc18  800fc18      2ec     1                 compiler_builtins::int::specialized_div_rem::u64_div_rem::h62d770be50956250
 800fc18  800fc18        0     1                 $a
 800ff04  800ff04      108     4         /data/dev/gbartx/target/armv4t-none-eabi/release/deps/libcompiler_builtins-de04ddc271228ff8.rlib(compiler_builtins-de04ddc271228ff8.compiler_builtins.8a5b63df888e1f5b-cgu.0.rcgu.o):(.text._ZN17compiler_builtins3int19specialized_div_rem11u32_div_rem17h8459343f18fa94f0E)
 800ff04  800ff04      108     1                 compiler_builtins::int::specialized_div_rem::u32_div_rem::h8459343f18fa94f0
 800ff04  800ff04        0     1                 $a
 801000c  801000c       48     4         /data/dev/gbartx/target/armv4t-none-eabi/release/deps/libcompiler_builtins-de04ddc271228ff8.rlib(compiler_builtins-de04ddc271228ff8.compiler_builtins.8a5b63df888e1f5b-cgu.0.rcgu.o):(.text.__clzsi2)
 801000c  801000c        0     1                 $a
 801000c  801000c       48     1                 __clzsi2
 8010054  8010054       38     4         /data/dev/gbartx/target/armv4t-none-eabi/release/deps/libcompiler_builtins-de04ddc271228ff8.rlib(compiler_builtins-de04ddc271228ff8.compiler_builtins.8a5b63df888e1f5b-cgu.0.rcgu.o):(.text.__aeabi_idiv)
 8010054  8010054        0     1                 $a
 8010054  8010054       38     1                 __aeabi_idiv
 801008c  801008c        4     4         /data/dev/gbartx/target/armv4t-none-eabi/release/deps/libcompiler_builtins-de04ddc271228ff8.rlib(compiler_builtins-de04ddc271228ff8.compiler_builtins.8a5b63df888e1f5b-cgu.0.rcgu.o):(.text.__aeabi_uidiv)
 801008c  801008c        0     1                 $a
 801008c  801008c        4     1                 __aeabi_uidiv
 8010090  8010090       20     4         /data/dev/gbartx/target/armv4t-none-eabi/release/deps/libcompiler_builtins-de04ddc271228ff8.rlib(compiler_builtins-de04ddc271228ff8.compiler_builtins.8a5b63df888e1f5b-cgu.0.rcgu.o):(.text.__udivmodsi4)
 8010090  8010090        0     1                 $a
 8010090  8010090       20     1                 __udivmodsi4
 80100b0  80100b0       4c     4         /data/dev/gbartx/target/armv4t-none-eabi/release/deps/libcompiler_builtins-de04ddc271228ff8.rlib(compiler_builtins-de04ddc271228ff8.compiler_builtins.8a5b63df888e1f5b-cgu.0.rcgu.o):(.text.__udivmoddi4)
 80100b0  80100b0        0     1                 $a
 80100b0  80100b0       4c     1                 __udivmoddi4
 80100fc  80100fc      200     4         /data/dev/gbartx/target/armv4t-none-eabi/release/deps/libcompiler_builtins-de04ddc271228ff8.rlib(compiler_builtins-de04ddc271228ff8.compiler_builtins.8a5b63df888e1f5b-cgu.0.rcgu.o):(.text._ZN17compiler_builtins3mem7memmove17haf1b2d4725fa4ff2E)
 80100fc  80100fc        0     1                 $a
 80100fc  80100fc      200     1                 compiler_builtins::mem::memmove::haf1b2d4725fa4ff2
 80102fc  80102fc       44     4         /data/dev/gbartx/target/armv4t-none-eabi/release/deps/libcompiler_builtins-de04ddc271228ff8.rlib(compiler_builtins-de04ddc271228ff8.compiler_builtins.8a5b63df888e1f5b-cgu.0.rcgu.o):(.text.memcmp)
 80102fc  80102fc        0     1                 $a
 80102fc  80102fc       44     1                 memcmp
 8010340  8010340       20     4         /data/dev/gbartx/target/armv4t-none-eabi/release/deps/libcompiler_builtins-de04ddc271228ff8.rlib(compiler_builtins-de04ddc271228ff8.compiler_builtins.8a5b63df888e1f5b-cgu.0.rcgu.o):(.text.__aeabi_uidivmod)
 8010340  8010340        0     1                 $a
 8010340  8010340       20     1                 __aeabi_uidivmod
 8010360  8010360       28     4         /data/dev/gbartx/target/armv4t-none-eabi/release/deps/libcompiler_builtins-de04ddc271228ff8.rlib(compiler_builtins-de04ddc271228ff8.compiler_builtins.8a5b63df888e1f5b-cgu.0.rcgu.o):(.text.__aeabi_uldivmod)
 8010360  8010360        0     1                 $a
 8010360  8010360       28     1                 __aeabi_uldivmod
 8010388  8010388        4     4         /data/dev/gbartx/target/armv4t-none-eabi/release/deps/libcompiler_builtins-de04ddc271228ff8.rlib(compiler_builtins-de04ddc271228ff8.compiler_builtins.8a5b63df888e1f5b-cgu.0.rcgu.o):(.text.__aeabi_memmove)
 8010388  8010388        0     1                 $a
 8010388  8010388        4     1                 __aeabi_memmove
 801038c  801038c        4     4         /data/dev/gbartx/target/armv4t-none-eabi/release/deps/libcompiler_builtins-de04ddc271228ff8.rlib(compiler_builtins-de04ddc271228ff8.compiler_builtins.8a5b63df888e1f5b-cgu.0.rcgu.o):(.text.__aeabi_memmove4)
 801038c  801038c        0     1                 $a
 801038c  801038c        4     1                 __aeabi_memmove4
 8010390  8010390       60     4         <internal>:(.text.thunk)
 80103f0  80103f0        0     1         . = ALIGN ( 4 )
 80103f0  80103f0   1d3204     8 .rodata
 80103f0  80103f0        2     1         /data/dev/gbartx/target/armv4t-none-eabi/release/deps/gba_rt-3a5f5d6d4e9987e6.const_random-2c03847468e8acc5.const_random.3a2ce2026131bd48-cgu.0.rcgu.o.rcgu.o:(.rodata..Lanon.7e497547c658f75918fd213dc3b33544.9)
 80103f2  80103f2        1     1         /data/dev/gbartx/target/armv4t-none-eabi/release/deps/gba_rt-3a5f5d6d4e9987e6.const_random-2c03847468e8acc5.const_random.3a2ce2026131bd48-cgu.0.rcgu.o.rcgu.o:(.rodata..Lanon.7e497547c658f75918fd213dc3b33544.11)
 80103f4  80103f4       10     4         /data/dev/gbartx/target/armv4t-none-eabi/release/deps/gba_rt-3a5f5d6d4e9987e6.const_random-2c03847468e8acc5.const_random.3a2ce2026131bd48-cgu.0.rcgu.o.rcgu.o:(.rodata..Lanon.7e497547c658f75918fd213dc3b33544.17)
 8010404  8010404        e     1         /data/dev/gbartx/target/armv4t-none-eabi/release/deps/gba_rt-3a5f5d6d4e9987e6.const_random-2c03847468e8acc5.const_random.3a2ce2026131bd48-cgu.0.rcgu.o.rcgu.o:(.rodata..Lanon.7e497547c658f75918fd213dc3b33544.23)
 8010414  8010414       70     4         <internal>:(.rodata.cst16)
 8010484  8010484        b     1         /data/dev/gbartx/target/armv4t-none-eabi/release/deps/gba_rt-3a5f5d6d4e9987e6.const_random-2c03847468e8acc5.const_random.3a2ce2026131bd48-cgu.0.rcgu.o.rcgu.o:(.rodata..Lanon.7e497547c658f75918fd213dc3b33544.26)
 801048f  801048f        f     1         /data/dev/gbartx/target/armv4t-none-eabi/release/deps/gba_rt-3a5f5d6d4e9987e6.const_random-2c03847468e8acc5.const_random.3a2ce2026131bd48-cgu.0.rcgu.o.rcgu.o:(.rodata..Lanon.7e497547c658f75918fd213dc3b33544.28)
 80104a0  80104a0       18     4         /data/dev/gbartx/target/armv4t-none-eabi/release/deps/gba_rt-3a5f5d6d4e9987e6.const_random-2c03847468e8acc5.const_random.3a2ce2026131bd48-cgu.0.rcgu.o.rcgu.o:(.rodata..Lanon.7e497547c658f75918fd213dc3b33544.29)
 80104b8  80104b8       18     4         /data/dev/gbartx/target/armv4t-none-eabi/release/deps/gba_rt-3a5f5d6d4e9987e6.const_random-2c03847468e8acc5.const_random.3a2ce2026131bd48-cgu.0.rcgu.o.rcgu.o:(.rodata..Lanon.7e497547c658f75918fd213dc3b33544.30)
 80104d0  80104d0       10     4         /data/dev/gbartx/target/armv4t-none-eabi/release/deps/gba_rt-3a5f5d6d4e9987e6.const_random-2c03847468e8acc5.const_random.3a2ce2026131bd48-cgu.0.rcgu.o.rcgu.o:(.rodata..Lanon.7e497547c658f75918fd213dc3b33544.60)
 80104e0  80104e0       14     1         /data/dev/gbartx/target/armv4t-none-eabi/release/deps/gba_rt-3a5f5d6d4e9987e6.const_random-2c03847468e8acc5.const_random.3a2ce2026131bd48-cgu.0.rcgu.o.rcgu.o:(.rodata..Lanon.7e497547c658f75918fd213dc3b33544.61)
 80104f4  80104f4       2b     1         /data/dev/gbartx/target/armv4t-none-eabi/release/deps/gba_rt-3a5f5d6d4e9987e6.const_random-2c03847468e8acc5.const_random.3a2ce2026131bd48-cgu.0.rcgu.o.rcgu.o:(.rodata..Lanon.7e497547c658f75918fd213dc3b33544.62)
 801051f  801051f       2d     1         /data/dev/gbartx/target/armv4t-none-eabi/release/deps/gba_rt-3a5f5d6d4e9987e6.const_random-2c03847468e8acc5.const_random.3a2ce2026131bd48-cgu.0.rcgu.o.rcgu.o:(.rodata..Lanon.7e497547c658f75918fd213dc3b33544.63)
 801054c  801054c        2     1         /data/dev/gbartx/target/armv4t-none-eabi/release/deps/gba_rt-3a5f5d6d4e9987e6.const_random-2c03847468e8acc5.const_random.3a2ce2026131bd48-cgu.0.rcgu.o.rcgu.o:(.rodata..Lanon.7e497547c658f75918fd213dc3b33544.64)
 801054e  801054e       40     1         /data/dev/gbartx/target/armv4t-none-eabi/release/deps/gba_rt-3a5f5d6d4e9987e6.const_random-2c03847468e8acc5.const_random.3a2ce2026131bd48-cgu.0.rcgu.o.rcgu.o:(.rodata..Lanon.7e497547c658f75918fd213dc3b33544.65)
 801058e  801058e        1     1         /data/dev/gbartx/target/armv4t-none-eabi/release/deps/gba_rt-3a5f5d6d4e9987e6.const_random-2c03847468e8acc5.const_random.3a2ce2026131bd48-cgu.0.rcgu.o.rcgu.o:(.rodata..Lanon.7e497547c658f75918fd213dc3b33544.97)
 8010590  8010590       18     4         /data/dev/gbartx/target/armv4t-none-eabi/release/deps/gba_rt-3a5f5d6d4e9987e6.const_random-2c03847468e8acc5.const_random.3a2ce2026131bd48-cgu.0.rcgu.o.rcgu.o:(.rodata..Lanon.7e497547c658f75918fd213dc3b33544.127)
 80105a8  80105a8        1     1         /data/dev/gbartx/target/armv4t-none-eabi/release/deps/gba_rt-3a5f5d6d4e9987e6.const_random-2c03847468e8acc5.const_random.3a2ce2026131bd48-cgu.0.rcgu.o.rcgu.o:(.rodata..Lanon.7e497547c658f75918fd213dc3b33544.129)
 80105a9  80105a9        5     1         /data/dev/gbartx/target/armv4t-none-eabi/release/deps/gba_rt-3a5f5d6d4e9987e6.const_random-2c03847468e8acc5.const_random.3a2ce2026131bd48-cgu.0.rcgu.o.rcgu.o:(.rodata..Lanon.7e497547c658f75918fd213dc3b33544.131)
 80105ae  80105ae        6     1         /data/dev/gbartx/target/armv4t-none-eabi/release/deps/gba_rt-3a5f5d6d4e9987e6.const_random-2c03847468e8acc5.const_random.3a2ce2026131bd48-cgu.0.rcgu.o.rcgu.o:(.rodata..Lanon.7e497547c658f75918fd213dc3b33544.132)
 80105b4  80105b4        7     1         /data/dev/gbartx/target/armv4t-none-eabi/release/deps/gba_rt-3a5f5d6d4e9987e6.const_random-2c03847468e8acc5.const_random.3a2ce2026131bd48-cgu.0.rcgu.o.rcgu.o:(.rodata..Lanon.7e497547c658f75918fd213dc3b33544.133)
 80105bb  80105bb        6     1         /data/dev/gbartx/target/armv4t-none-eabi/release/deps/gba_rt-3a5f5d6d4e9987e6.const_random-2c03847468e8acc5.const_random.3a2ce2026131bd48-cgu.0.rcgu.o.rcgu.o:(.rodata..Lanon.7e497547c658f75918fd213dc3b33544.134)
 80105c1  80105c1        1     1         /data/dev/gbartx/target/armv4t-none-eabi/release/deps/gba_rt-3a5f5d6d4e9987e6.const_random-2c03847468e8acc5.const_random.3a2ce2026131bd48-cgu.0.rcgu.o.rcgu.o:(.rodata..Lanon.7e497547c658f75918fd213dc3b33544.135)
 80105c2  80105c2      38c     2         <internal>:(.rodata.cst4)
 801094e  801094e        1     1         /data/dev/gbartx/target/armv4t-none-eabi/release/deps/gba_rt-3a5f5d6d4e9987e6.const_random-2c03847468e8acc5.const_random.3a2ce2026131bd48-cgu.0.rcgu.o.rcgu.o:(.rodata..Lanon.7e497547c658f75918fd213dc3b33544.140)
 801094f  801094f        1     1         /data/dev/gbartx/target/armv4t-none-eabi/release/deps/gba_rt-3a5f5d6d4e9987e6.const_random-2c03847468e8acc5.const_random.3a2ce2026131bd48-cgu.0.rcgu.o.rcgu.o:(.rodata..Lanon.7e497547c658f75918fd213dc3b33544.141)
 8010950  8010950        5     1         /data/dev/gbartx/target/armv4t-none-eabi/release/deps/gba_rt-3a5f5d6d4e9987e6.const_random-2c03847468e8acc5.const_random.3a2ce2026131bd48-cgu.0.rcgu.o.rcgu.o:(.rodata..Lanon.7e497547c658f75918fd213dc3b33544.142)
 8010955  8010955        3     1         /data/dev/gbartx/target/armv4t-none-eabi/release/deps/gba_rt-3a5f5d6d4e9987e6.const_random-2c03847468e8acc5.const_random.3a2ce2026131bd48-cgu.0.rcgu.o.rcgu.o:(.rodata..Lanon.7e497547c658f75918fd213dc3b33544.144)
 8010958  8010958        1     1         /data/dev/gbartx/target/armv4t-none-eabi/release/deps/gba_rt-3a5f5d6d4e9987e6.const_random-2c03847468e8acc5.const_random.3a2ce2026131bd48-cgu.0.rcgu.o.rcgu.o:(.rodata..Lanon.7e497547c658f75918fd213dc3b33544.153)
 8010959  8010959        2     1         /data/dev/gbartx/target/armv4t-none-eabi/release/deps/gba_rt-3a5f5d6d4e9987e6.const_random-2c03847468e8acc5.const_random.3a2ce2026131bd48-cgu.0.rcgu.o.rcgu.o:(.rodata..Lanon.7e497547c658f75918fd213dc3b33544.154)
 801095b  801095b        2     1         /data/dev/gbartx/target/armv4t-none-eabi/release/deps/gba_rt-3a5f5d6d4e9987e6.const_random-2c03847468e8acc5.const_random.3a2ce2026131bd48-cgu.0.rcgu.o.rcgu.o:(.rodata..Lanon.7e497547c658f75918fd213dc3b33544.155)
 801095d  801095d        2     1         /data/dev/gbartx/target/armv4t-none-eabi/release/deps/gba_rt-3a5f5d6d4e9987e6.const_random-2c03847468e8acc5.const_random.3a2ce2026131bd48-cgu.0.rcgu.o.rcgu.o:(.rodata..Lanon.7e497547c658f75918fd213dc3b33544.156)
 801095f  801095f        2     1         /data/dev/gbartx/target/armv4t-none-eabi/release/deps/gba_rt-3a5f5d6d4e9987e6.const_random-2c03847468e8acc5.const_random.3a2ce2026131bd48-cgu.0.rcgu.o.rcgu.o:(.rodata..Lanon.7e497547c658f75918fd213dc3b33544.157)
 8010961  8010961        5     1         /data/dev/gbartx/target/armv4t-none-eabi/release/deps/gba_rt-3a5f5d6d4e9987e6.const_random-2c03847468e8acc5.const_random.3a2ce2026131bd48-cgu.0.rcgu.o.rcgu.o:(.rodata..Lanon.7e497547c658f75918fd213dc3b33544.158)
 8010966  8010966        5     1         /data/dev/gbartx/target/armv4t-none-eabi/release/deps/gba_rt-3a5f5d6d4e9987e6.const_random-2c03847468e8acc5.const_random.3a2ce2026131bd48-cgu.0.rcgu.o.rcgu.o:(.rodata..Lanon.7e497547c658f75918fd213dc3b33544.159)
 801096b  801096b        5     1         /data/dev/gbartx/target/armv4t-none-eabi/release/deps/gba_rt-3a5f5d6d4e9987e6.const_random-2c03847468e8acc5.const_random.3a2ce2026131bd48-cgu.0.rcgu.o.rcgu.o:(.rodata..Lanon.7e497547c658f75918fd213dc3b33544.160)
 8010970  8010970        5     1         /data/dev/gbartx/target/armv4t-none-eabi/release/deps/gba_rt-3a5f5d6d4e9987e6.const_random-2c03847468e8acc5.const_random.3a2ce2026131bd48-cgu.0.rcgu.o.rcgu.o:(.rodata..Lanon.7e497547c658f75918fd213dc3b33544.161)
 8010975  8010975        5     1         /data/dev/gbartx/target/armv4t-none-eabi/release/deps/gba_rt-3a5f5d6d4e9987e6.const_random-2c03847468e8acc5.const_random.3a2ce2026131bd48-cgu.0.rcgu.o.rcgu.o:(.rodata..Lanon.7e497547c658f75918fd213dc3b33544.162)
 801097a  801097a        5     1         /data/dev/gbartx/target/armv4t-none-eabi/release/deps/gba_rt-3a5f5d6d4e9987e6.const_random-2c03847468e8acc5.const_random.3a2ce2026131bd48-cgu.0.rcgu.o.rcgu.o:(.rodata..Lanon.7e497547c658f75918fd213dc3b33544.163)
 801097f  801097f        5     1         /data/dev/gbartx/target/armv4t-none-eabi/release/deps/gba_rt-3a5f5d6d4e9987e6.const_random-2c03847468e8acc5.const_random.3a2ce2026131bd48-cgu.0.rcgu.o.rcgu.o:(.rodata..Lanon.7e497547c658f75918fd213dc3b33544.164)
 8010984  8010984        5     1         /data/dev/gbartx/target/armv4t-none-eabi/release/deps/gba_rt-3a5f5d6d4e9987e6.const_random-2c03847468e8acc5.const_random.3a2ce2026131bd48-cgu.0.rcgu.o.rcgu.o:(.rodata..Lanon.7e497547c658f75918fd213dc3b33544.165)
 8010989  8010989        5     1         /data/dev/gbartx/target/armv4t-none-eabi/release/deps/gba_rt-3a5f5d6d4e9987e6.const_random-2c03847468e8acc5.const_random.3a2ce2026131bd48-cgu.0.rcgu.o.rcgu.o:(.rodata..Lanon.7e497547c658f75918fd213dc3b33544.166)
 801098e  801098e        5     1         /data/dev/gbartx/target/armv4t-none-eabi/release/deps/gba_rt-3a5f5d6d4e9987e6.const_random-2c03847468e8acc5.const_random.3a2ce2026131bd48-cgu.0.rcgu.o.rcgu.o:(.rodata..Lanon.7e497547c658f75918fd213dc3b33544.167)
 8010993  8010993        3     1         /data/dev/gbartx/target/armv4t-none-eabi/release/deps/gba_rt-3a5f5d6d4e9987e6.const_random-2c03847468e8acc5.const_random.3a2ce2026131bd48-cgu.0.rcgu.o.rcgu.o:(.rodata..Lanon.7e497547c658f75918fd213dc3b33544.168)
 8010996  8010996        5     1         /data/dev/gbartx/target/armv4t-none-eabi/release/deps/gba_rt-3a5f5d6d4e9987e6.const_random-2c03847468e8acc5.const_random.3a2ce2026131bd48-cgu.0.rcgu.o.rcgu.o:(.rodata..Lanon.7e497547c658f75918fd213dc3b33544.170)
 801099b  801099b        7     1         /data/dev/gbartx/target/armv4t-none-eabi/release/deps/gba_rt-3a5f5d6d4e9987e6.const_random-2c03847468e8acc5.const_random.3a2ce2026131bd48-cgu.0.rcgu.o.rcgu.o:(.rodata..Lanon.7e497547c658f75918fd213dc3b33544.172)
 80109a2  80109a2        5     1         /data/dev/gbartx/target/armv4t-none-eabi/release/deps/gba_rt-3a5f5d6d4e9987e6.const_random-2c03847468e8acc5.const_random.3a2ce2026131bd48-cgu.0.rcgu.o.rcgu.o:(.rodata..Lanon.7e497547c658f75918fd213dc3b33544.173)
 80109a7  80109a7        5     1         /data/dev/gbartx/target/armv4t-none-eabi/release/deps/gba_rt-3a5f5d6d4e9987e6.const_random-2c03847468e8acc5.const_random.3a2ce2026131bd48-cgu.0.rcgu.o.rcgu.o:(.rodata..Lanon.7e497547c658f75918fd213dc3b33544.174)
 80109ac  80109ac        5     1         /data/dev/gbartx/target/armv4t-none-eabi/release/deps/gba_rt-3a5f5d6d4e9987e6.const_random-2c03847468e8acc5.const_random.3a2ce2026131bd48-cgu.0.rcgu.o.rcgu.o:(.rodata..Lanon.7e497547c658f75918fd213dc3b33544.175)
 80109b1  80109b1        5     1         /data/dev/gbartx/target/armv4t-none-eabi/release/deps/gba_rt-3a5f5d6d4e9987e6.const_random-2c03847468e8acc5.const_random.3a2ce2026131bd48-cgu.0.rcgu.o.rcgu.o:(.rodata..Lanon.7e497547c658f75918fd213dc3b33544.176)
 80109b6  80109b6        5     1         /data/dev/gbartx/target/armv4t-none-eabi/release/deps/gba_rt-3a5f5d6d4e9987e6.const_random-2c03847468e8acc5.const_random.3a2ce2026131bd48-cgu.0.rcgu.o.rcgu.o:(.rodata..Lanon.7e497547c658f75918fd213dc3b33544.177)
 80109bb  80109bb        5     1         /data/dev/gbartx/target/armv4t-none-eabi/release/deps/gba_rt-3a5f5d6d4e9987e6.const_random-2c03847468e8acc5.const_random.3a2ce2026131bd48-cgu.0.rcgu.o.rcgu.o:(.rodata..Lanon.7e497547c658f75918fd213dc3b33544.178)
 80109c0  80109c0        5     1         /data/dev/gbartx/target/armv4t-none-eabi/release/deps/gba_rt-3a5f5d6d4e9987e6.const_random-2c03847468e8acc5.const_random.3a2ce2026131bd48-cgu.0.rcgu.o.rcgu.o:(.rodata..Lanon.7e497547c658f75918fd213dc3b33544.179)
 80109c5  80109c5        5     1         /data/dev/gbartx/target/armv4t-none-eabi/release/deps/gba_rt-3a5f5d6d4e9987e6.const_random-2c03847468e8acc5.const_random.3a2ce2026131bd48-cgu.0.rcgu.o.rcgu.o:(.rodata..Lanon.7e497547c658f75918fd213dc3b33544.180)
 80109ca  80109ca        5     1         /data/dev/gbartx/target/armv4t-none-eabi/release/deps/gba_rt-3a5f5d6d4e9987e6.const_random-2c03847468e8acc5.const_random.3a2ce2026131bd48-cgu.0.rcgu.o.rcgu.o:(.rodata..Lanon.7e497547c658f75918fd213dc3b33544.181)
 80109cf  80109cf        7     1         /data/dev/gbartx/target/armv4t-none-eabi/release/deps/gba_rt-3a5f5d6d4e9987e6.const_random-2c03847468e8acc5.const_random.3a2ce2026131bd48-cgu.0.rcgu.o.rcgu.o:(.rodata..Lanon.7e497547c658f75918fd213dc3b33544.182)
 80109d6  80109d6        5     1         /data/dev/gbartx/target/armv4t-none-eabi/release/deps/gba_rt-3a5f5d6d4e9987e6.const_random-2c03847468e8acc5.const_random.3a2ce2026131bd48-cgu.0.rcgu.o.rcgu.o:(.rodata..Lanon.7e497547c658f75918fd213dc3b33544.183)
 80109db  80109db        5     1         /data/dev/gbartx/target/armv4t-none-eabi/release/deps/gba_rt-3a5f5d6d4e9987e6.const_random-2c03847468e8acc5.const_random.3a2ce2026131bd48-cgu.0.rcgu.o.rcgu.o:(.rodata..Lanon.7e497547c658f75918fd213dc3b33544.184)
 80109e0  80109e0        5     1         /data/dev/gbartx/target/armv4t-none-eabi/release/deps/gba_rt-3a5f5d6d4e9987e6.const_random-2c03847468e8acc5.const_random.3a2ce2026131bd48-cgu.0.rcgu.o.rcgu.o:(.rodata..Lanon.7e497547c658f75918fd213dc3b33544.185)
 80109e5  80109e5        5     1         /data/dev/gbartx/target/armv4t-none-eabi/release/deps/gba_rt-3a5f5d6d4e9987e6.const_random-2c03847468e8acc5.const_random.3a2ce2026131bd48-cgu.0.rcgu.o.rcgu.o:(.rodata..Lanon.7e497547c658f75918fd213dc3b33544.187)
 80109ea  80109ea        1     1         /data/dev/gbartx/target/armv4t-none-eabi/release/deps/gba_rt-3a5f5d6d4e9987e6.const_random-2c03847468e8acc5.const_random.3a2ce2026131bd48-cgu.0.rcgu.o.rcgu.o:(.rodata..Lanon.7e497547c658f75918fd213dc3b33544.189)
 80109eb  80109eb        1     1         /data/dev/gbartx/target/armv4t-none-eabi/release/deps/gba_rt-3a5f5d6d4e9987e6.const_random-2c03847468e8acc5.const_random.3a2ce2026131bd48-cgu.0.rcgu.o.rcgu.o:(.rodata..Lanon.7e497547c658f75918fd213dc3b33544.190)
 80109ec  80109ec        1     1         /data/dev/gbartx/target/armv4t-none-eabi/release/deps/gba_rt-3a5f5d6d4e9987e6.const_random-2c03847468e8acc5.const_random.3a2ce2026131bd48-cgu.0.rcgu.o.rcgu.o:(.rodata..Lanon.7e497547c658f75918fd213dc3b33544.191)
 80109ed  80109ed        3     1         /data/dev/gbartx/target/armv4t-none-eabi/release/deps/gba_rt-3a5f5d6d4e9987e6.const_random-2c03847468e8acc5.const_random.3a2ce2026131bd48-cgu.0.rcgu.o.rcgu.o:(.rodata..Lanon.7e497547c658f75918fd213dc3b33544.192)
 80109f0  80109f0        3     1         /data/dev/gbartx/target/armv4t-none-eabi/release/deps/gba_rt-3a5f5d6d4e9987e6.const_random-2c03847468e8acc5.const_random.3a2ce2026131bd48-cgu.0.rcgu.o.rcgu.o:(.rodata..Lanon.7e497547c658f75918fd213dc3b33544.194)
 80109f3  80109f3        3     1         /data/dev/gbartx/target/armv4t-none-eabi/release/deps/gba_rt-3a5f5d6d4e9987e6.const_random-2c03847468e8acc5.const_random.3a2ce2026131bd48-cgu.0.rcgu.o.rcgu.o:(.rodata..Lanon.7e497547c658f75918fd213dc3b33544.196)
 80109f6  80109f6        3     1         /data/dev/gbartx/target/armv4t-none-eabi/release/deps/gba_rt-3a5f5d6d4e9987e6.const_random-2c03847468e8acc5.const_random.3a2ce2026131bd48-cgu.0.rcgu.o.rcgu.o:(.rodata..Lanon.7e497547c658f75918fd213dc3b33544.200)
 80109f9  80109f9        3     1         /data/dev/gbartx/target/armv4t-none-eabi/release/deps/gba_rt-3a5f5d6d4e9987e6.const_random-2c03847468e8acc5.const_random.3a2ce2026131bd48-cgu.0.rcgu.o.rcgu.o:(.rodata..Lanon.7e497547c658f75918fd213dc3b33544.203)
 80109fc  80109fc        3     1         /data/dev/gbartx/target/armv4t-none-eabi/release/deps/gba_rt-3a5f5d6d4e9987e6.const_random-2c03847468e8acc5.const_random.3a2ce2026131bd48-cgu.0.rcgu.o.rcgu.o:(.rodata..Lanon.7e497547c658f75918fd213dc3b33544.205)
 80109ff  80109ff        3     1         /data/dev/gbartx/target/armv4t-none-eabi/release/deps/gba_rt-3a5f5d6d4e9987e6.const_random-2c03847468e8acc5.const_random.3a2ce2026131bd48-cgu.0.rcgu.o.rcgu.o:(.rodata..Lanon.7e497547c658f75918fd213dc3b33544.206)
 8010a02  8010a02        3     1         /data/dev/gbartx/target/armv4t-none-eabi/release/deps/gba_rt-3a5f5d6d4e9987e6.const_random-2c03847468e8acc5.const_random.3a2ce2026131bd48-cgu.0.rcgu.o.rcgu.o:(.rodata..Lanon.7e497547c658f75918fd213dc3b33544.209)
 8010a05  8010a05        3     1         /data/dev/gbartx/target/armv4t-none-eabi/release/deps/gba_rt-3a5f5d6d4e9987e6.const_random-2c03847468e8acc5.const_random.3a2ce2026131bd48-cgu.0.rcgu.o.rcgu.o:(.rodata..Lanon.7e497547c658f75918fd213dc3b33544.210)
 8010a08  8010a08        3     1         /data/dev/gbartx/target/armv4t-none-eabi/release/deps/gba_rt-3a5f5d6d4e9987e6.const_random-2c03847468e8acc5.const_random.3a2ce2026131bd48-cgu.0.rcgu.o.rcgu.o:(.rodata..Lanon.7e497547c658f75918fd213dc3b33544.212)
 8010a0b  8010a0b        5     1         /data/dev/gbartx/target/armv4t-none-eabi/release/deps/gba_rt-3a5f5d6d4e9987e6.const_random-2c03847468e8acc5.const_random.3a2ce2026131bd48-cgu.0.rcgu.o.rcgu.o:(.rodata..Lanon.7e497547c658f75918fd213dc3b33544.216)
 8010a10  8010a10        3     1         /data/dev/gbartx/target/armv4t-none-eabi/release/deps/gba_rt-3a5f5d6d4e9987e6.const_random-2c03847468e8acc5.const_random.3a2ce2026131bd48-cgu.0.rcgu.o.rcgu.o:(.rodata..Lanon.7e497547c658f75918fd213dc3b33544.217)
 8010a13  8010a13        5     1         /data/dev/gbartx/target/armv4t-none-eabi/release/deps/gba_rt-3a5f5d6d4e9987e6.const_random-2c03847468e8acc5.const_random.3a2ce2026131bd48-cgu.0.rcgu.o.rcgu.o:(.rodata..Lanon.7e497547c658f75918fd213dc3b33544.218)
 8010a18  8010a18        2     1         /data/dev/gbartx/target/armv4t-none-eabi/release/deps/gba_rt-3a5f5d6d4e9987e6.const_random-2c03847468e8acc5.const_random.3a2ce2026131bd48-cgu.0.rcgu.o.rcgu.o:(.rodata..Lanon.7e497547c658f75918fd213dc3b33544.219)
 8010a1a  8010a1a        5     1         /data/dev/gbartx/target/armv4t-none-eabi/release/deps/gba_rt-3a5f5d6d4e9987e6.const_random-2c03847468e8acc5.const_random.3a2ce2026131bd48-cgu.0.rcgu.o.rcgu.o:(.rodata..Lanon.7e497547c658f75918fd213dc3b33544.220)
 8010a1f  8010a1f        2     1         /data/dev/gbartx/target/armv4t-none-eabi/release/deps/gba_rt-3a5f5d6d4e9987e6.const_random-2c03847468e8acc5.const_random.3a2ce2026131bd48-cgu.0.rcgu.o.rcgu.o:(.rodata..Lanon.7e497547c658f75918fd213dc3b33544.221)
 8010a21  8010a21        1     1         /data/dev/gbartx/target/armv4t-none-eabi/release/deps/gba_rt-3a5f5d6d4e9987e6.const_random-2c03847468e8acc5.const_random.3a2ce2026131bd48-cgu.0.rcgu.o.rcgu.o:(.rodata..Lanon.7e497547c658f75918fd213dc3b33544.222)
 8010a22  8010a22        5     1         /data/dev/gbartx/target/armv4t-none-eabi/release/deps/gba_rt-3a5f5d6d4e9987e6.const_random-2c03847468e8acc5.const_random.3a2ce2026131bd48-cgu.0.rcgu.o.rcgu.o:(.rodata..Lanon.7e497547c658f75918fd213dc3b33544.223)
 8010a27  8010a27        5     1         /data/dev/gbartx/target/armv4t-none-eabi/release/deps/gba_rt-3a5f5d6d4e9987e6.const_random-2c03847468e8acc5.const_random.3a2ce2026131bd48-cgu.0.rcgu.o.rcgu.o:(.rodata..Lanon.7e497547c658f75918fd213dc3b33544.224)
 8010a2c  8010a2c        5     1         /data/dev/gbartx/target/armv4t-none-eabi/release/deps/gba_rt-3a5f5d6d4e9987e6.const_random-2c03847468e8acc5.const_random.3a2ce2026131bd48-cgu.0.rcgu.o.rcgu.o:(.rodata..Lanon.7e497547c658f75918fd213dc3b33544.226)
 8010a31  8010a31        2     1         /data/dev/gbartx/target/armv4t-none-eabi/release/deps/gba_rt-3a5f5d6d4e9987e6.const_random-2c03847468e8acc5.const_random.3a2ce2026131bd48-cgu.0.rcgu.o.rcgu.o:(.rodata..Lanon.7e497547c658f75918fd213dc3b33544.227)
 8010a33  8010a33        5     1         /data/dev/gbartx/target/armv4t-none-eabi/release/deps/gba_rt-3a5f5d6d4e9987e6.const_random-2c03847468e8acc5.const_random.3a2ce2026131bd48-cgu.0.rcgu.o.rcgu.o:(.rodata..Lanon.7e497547c658f75918fd213dc3b33544.228)
 8010a38  8010a38        1     1         /data/dev/gbartx/target/armv4t-none-eabi/release/deps/gba_rt-3a5f5d6d4e9987e6.const_random-2c03847468e8acc5.const_random.3a2ce2026131bd48-cgu.0.rcgu.o.rcgu.o:(.rodata..Lanon.7e497547c658f75918fd213dc3b33544.229)
 8010a39  8010a39        b     1         /data/dev/gbartx/target/armv4t-none-eabi/release/deps/gba_rt-3a5f5d6d4e9987e6.const_random-2c03847468e8acc5.const_random.3a2ce2026131bd48-cgu.0.rcgu.o.rcgu.o:(.rodata..Lanon.7e497547c658f75918fd213dc3b33544.230)
 8010a44  8010a44        2     1         /data/dev/gbartx/target/armv4t-none-eabi/release/deps/gba_rt-3a5f5d6d4e9987e6.const_random-2c03847468e8acc5.const_random.3a2ce2026131bd48-cgu.0.rcgu.o.rcgu.o:(.rodata..Lanon.7e497547c658f75918fd213dc3b33544.231)
 8010a46  8010a46        2     1         /data/dev/gbartx/target/armv4t-none-eabi/release/deps/gba_rt-3a5f5d6d4e9987e6.const_random-2c03847468e8acc5.const_random.3a2ce2026131bd48-cgu.0.rcgu.o.rcgu.o:(.rodata..Lanon.7e497547c658f75918fd213dc3b33544.233)
 8010a48  8010a48      710     4         <internal>:(.rodata.cst8)
 8011158  8011158        2     1         /data/dev/gbartx/target/armv4t-none-eabi/release/deps/gba_rt-3a5f5d6d4e9987e6.const_random-2c03847468e8acc5.const_random.3a2ce2026131bd48-cgu.0.rcgu.o.rcgu.o:(.rodata..Lanon.7e497547c658f75918fd213dc3b33544.235)
 801115a  801115a        2     1         /data/dev/gbartx/target/armv4t-none-eabi/release/deps/gba_rt-3a5f5d6d4e9987e6.const_random-2c03847468e8acc5.const_random.3a2ce2026131bd48-cgu.0.rcgu.o.rcgu.o:(.rodata..Lanon.7e497547c658f75918fd213dc3b33544.237)
 801115c  801115c        2     1         /data/dev/gbartx/target/armv4t-none-eabi/release/deps/gba_rt-3a5f5d6d4e9987e6.const_random-2c03847468e8acc5.const_random.3a2ce2026131bd48-cgu.0.rcgu.o.rcgu.o:(.rodata..Lanon.7e497547c658f75918fd213dc3b33544.238)
 801115e  801115e        6     1         /data/dev/gbartx/target/armv4t-none-eabi/release/deps/gba_rt-3a5f5d6d4e9987e6.const_random-2c03847468e8acc5.const_random.3a2ce2026131bd48-cgu.0.rcgu.o.rcgu.o:(.rodata..Lanon.7e497547c658f75918fd213dc3b33544.240)
[...]
 81e30a9  81e30a9       40     1         /data/dev/gbartx/target/armv4t-none-eabi/release/deps/gba_rt-3a5f5d6d4e9987e6.const_random-2c03847468e8acc5.const_random.3a2ce2026131bd48-cgu.0.rcgu.o.rcgu.o:(.rodata..Lanon.08c5863174cf9a8b52accf5b7f4c7342.203)
 81e30e9  81e30e9       1a     1         /data/dev/gbartx/target/armv4t-none-eabi/release/deps/gba_rt-3a5f5d6d4e9987e6.const_random-2c03847468e8acc5.const_random.3a2ce2026131bd48-cgu.0.rcgu.o.rcgu.o:(.rodata..Lanon.08c5863174cf9a8b52accf5b7f4c7342.277)
 81e3103  81e3103       1d     1         /data/dev/gbartx/target/armv4t-none-eabi/release/deps/gba_rt-3a5f5d6d4e9987e6.const_random-2c03847468e8acc5.const_random.3a2ce2026131bd48-cgu.0.rcgu.o.rcgu.o:(.rodata..Lanon.08c5863174cf9a8b52accf5b7f4c7342.278)
 81e3120  81e3120       1b     1         /data/dev/gbartx/target/armv4t-none-eabi/release/deps/gba_rt-3a5f5d6d4e9987e6.const_random-2c03847468e8acc5.const_random.3a2ce2026131bd48-cgu.0.rcgu.o.rcgu.o:(.rodata..Lanon.08c5863174cf9a8b52accf5b7f4c7342.279)
 81e313b  81e313b       19     1         /data/dev/gbartx/target/armv4t-none-eabi/release/deps/gba_rt-3a5f5d6d4e9987e6.const_random-2c03847468e8acc5.const_random.3a2ce2026131bd48-cgu.0.rcgu.o.rcgu.o:(.rodata..Lanon.08c5863174cf9a8b52accf5b7f4c7342.292)
 81e3154  81e3154        8     4         /data/dev/gbartx/target/armv4t-none-eabi/release/deps/gba_rt-3a5f5d6d4e9987e6.const_random-2c03847468e8acc5.const_random.3a2ce2026131bd48-cgu.0.rcgu.o.rcgu.o:(.rodata..Lanon.08c5863174cf9a8b52accf5b7f4c7342.293)
 81e315c  81e315c       39     1         /data/dev/gbartx/target/armv4t-none-eabi/release/deps/gba_rt-3a5f5d6d4e9987e6.const_random-2c03847468e8acc5.const_random.3a2ce2026131bd48-cgu.0.rcgu.o.rcgu.o:(.rodata..Lanon.08c5863174cf9a8b52accf5b7f4c7342.294)
 81e3198  81e3198        8     4         /data/dev/gbartx/target/armv4t-none-eabi/release/deps/gba_rt-3a5f5d6d4e9987e6.const_random-2c03847468e8acc5.const_random.3a2ce2026131bd48-cgu.0.rcgu.o.rcgu.o:(.rodata..Lanon.08c5863174cf9a8b52accf5b7f4c7342.295)
 81e31a0  81e31a0       22     1         /data/dev/gbartx/target/armv4t-none-eabi/release/deps/gba_rt-3a5f5d6d4e9987e6.const_random-2c03847468e8acc5.const_random.3a2ce2026131bd48-cgu.0.rcgu.o.rcgu.o:(.rodata..Lanon.08c5863174cf9a8b52accf5b7f4c7342.318)
 81e31c4  81e31c4       10     4         /data/dev/gbartx/target/armv4t-none-eabi/release/deps/gba_rt-3a5f5d6d4e9987e6.const_random-2c03847468e8acc5.const_random.3a2ce2026131bd48-cgu.0.rcgu.o.rcgu.o:(.rodata..Lanon.08c5863174cf9a8b52accf5b7f4c7342.321)
 81e31d4  81e31d4       16     1         /data/dev/gbartx/target/armv4t-none-eabi/release/deps/gba_rt-3a5f5d6d4e9987e6.const_random-2c03847468e8acc5.const_random.3a2ce2026131bd48-cgu.0.rcgu.o.rcgu.o:(.rodata..Lanon.08c5863174cf9a8b52accf5b7f4c7342.322)
 81e31ea  81e31ea        d     1         /data/dev/gbartx/target/armv4t-none-eabi/release/deps/gba_rt-3a5f5d6d4e9987e6.const_random-2c03847468e8acc5.const_random.3a2ce2026131bd48-cgu.0.rcgu.o.rcgu.o:(.rodata..Lanon.08c5863174cf9a8b52accf5b7f4c7342.323)
 81e31f8  81e31f8       10     4         /data/dev/gbartx/target/armv4t-none-eabi/release/deps/gba_rt-3a5f5d6d4e9987e6.const_random-2c03847468e8acc5.const_random.3a2ce2026131bd48-cgu.0.rcgu.o.rcgu.o:(.rodata..Lanon.08c5863174cf9a8b52accf5b7f4c7342.324)
 81e3208  81e3208        a     1         /data/dev/gbartx/target/armv4t-none-eabi/release/deps/gba_rt-3a5f5d6d4e9987e6.const_random-2c03847468e8acc5.const_random.3a2ce2026131bd48-cgu.0.rcgu.o.rcgu.o:(.rodata..Lanon.46ed6e10316e3691e2867ddadca1f3ba.0)
 81e3214  81e3214       10     4         /data/dev/gbartx/target/armv4t-none-eabi/release/deps/gba_rt-3a5f5d6d4e9987e6.const_random-2c03847468e8acc5.const_random.3a2ce2026131bd48-cgu.0.rcgu.o.rcgu.o:(.rodata..Lanon.46ed6e10316e3691e2867ddadca1f3ba.1)
 81e3224  81e3224       32     1         /data/dev/gbartx/target/armv4t-none-eabi/release/deps/gba_rt-3a5f5d6d4e9987e6.const_random-2c03847468e8acc5.const_random.3a2ce2026131bd48-cgu.0.rcgu.o.rcgu.o:(.rodata..Lanon.46ed6e10316e3691e2867ddadca1f3ba.6)
 81e3256  81e3256        9     1         /data/dev/gbartx/target/armv4t-none-eabi/release/deps/gba_rt-3a5f5d6d4e9987e6.const_random-2c03847468e8acc5.const_random.3a2ce2026131bd48-cgu.0.rcgu.o.rcgu.o:(.rodata..Lanon.46ed6e10316e3691e2867ddadca1f3ba.7)
 81e3260  81e3260        8     4         /data/dev/gbartx/target/armv4t-none-eabi/release/deps/gba_rt-3a5f5d6d4e9987e6.const_random-2c03847468e8acc5.const_random.3a2ce2026131bd48-cgu.0.rcgu.o.rcgu.o:(.rodata..Lanon.46ed6e10316e3691e2867ddadca1f3ba.8)
 81e3268  81e3268       3a     1         /data/dev/gbartx/target/armv4t-none-eabi/release/deps/gba_rt-3a5f5d6d4e9987e6.const_random-2c03847468e8acc5.const_random.3a2ce2026131bd48-cgu.0.rcgu.o.rcgu.o:(.rodata..Lanon.46ed6e10316e3691e2867ddadca1f3ba.9)
 81e32a4  81e32a4        8     4         /data/dev/gbartx/target/armv4t-none-eabi/release/deps/gba_rt-3a5f5d6d4e9987e6.const_random-2c03847468e8acc5.const_random.3a2ce2026131bd48-cgu.0.rcgu.o.rcgu.o:(.rodata..Lanon.46ed6e10316e3691e2867ddadca1f3ba.11)
 81e32ac  81e32ac       28     1         /data/dev/gbartx/target/armv4t-none-eabi/release/deps/gba_rt-3a5f5d6d4e9987e6.const_random-2c03847468e8acc5.const_random.3a2ce2026131bd48-cgu.0.rcgu.o.rcgu.o:(.rodata..Lanon.46ed6e10316e3691e2867ddadca1f3ba.12)
 81e32d4  81e32d4       13     1         /data/dev/gbartx/target/armv4t-none-eabi/release/deps/gba_rt-3a5f5d6d4e9987e6.const_random-2c03847468e8acc5.const_random.3a2ce2026131bd48-cgu.0.rcgu.o.rcgu.o:(.rodata..Lanon.46ed6e10316e3691e2867ddadca1f3ba.13)
 81e32e7  81e32e7       a4     1         /data/dev/gbartx/target/armv4t-none-eabi/release/deps/gba_rt-3a5f5d6d4e9987e6.const_random-2c03847468e8acc5.const_random.3a2ce2026131bd48-cgu.0.rcgu.o.rcgu.o:(.rodata._ZN17qrcodegen_no_heap23ECC_CODEWORDS_PER_BLOCK17h962010e906e6e590E)
 81e32e7  81e32e7       a4     1                 qrcodegen_no_heap::ECC_CODEWORDS_PER_BLOCK::h962010e906e6e590
 81e338b  81e338b       a4     1         /data/dev/gbartx/target/armv4t-none-eabi/release/deps/gba_rt-3a5f5d6d4e9987e6.const_random-2c03847468e8acc5.const_random.3a2ce2026131bd48-cgu.0.rcgu.o.rcgu.o:(.rodata._ZN17qrcodegen_no_heap27NUM_ERROR_CORRECTION_BLOCKS17he0eaca5ccbe50d29E)
 81e338b  81e338b       a4     1                 qrcodegen_no_heap::NUM_ERROR_CORRECTION_BLOCKS::he0eaca5ccbe50d29
 81e342f  81e342f       26     1         /data/dev/gbartx/target/armv4t-none-eabi/release/deps/gba_rt-3a5f5d6d4e9987e6.const_random-2c03847468e8acc5.const_random.3a2ce2026131bd48-cgu.0.rcgu.o.rcgu.o:(.rodata..Lanon.46ed6e10316e3691e2867ddadca1f3ba.14)
 81e3455  81e3455       3b     1         /data/dev/gbartx/target/armv4t-none-eabi/release/deps/gba_rt-3a5f5d6d4e9987e6.const_random-2c03847468e8acc5.const_random.3a2ce2026131bd48-cgu.0.rcgu.o.rcgu.o:(.rodata..Lanon.46ed6e10316e3691e2867ddadca1f3ba.15)
 81e3490  81e3490       44     1         /data/dev/gbartx/target/armv4t-none-eabi/release/deps/gba_rt-3a5f5d6d4e9987e6.const_random-2c03847468e8acc5.const_random.3a2ce2026131bd48-cgu.0.rcgu.o.rcgu.o:(.rodata..Lanon.46ed6e10316e3691e2867ddadca1f3ba.17)
 81e34d4  81e34d4       2d     1         /data/dev/gbartx/target/armv4t-none-eabi/release/deps/gba_rt-3a5f5d6d4e9987e6.const_random-2c03847468e8acc5.const_random.3a2ce2026131bd48-cgu.0.rcgu.o.rcgu.o:(.rodata..Lanon.46ed6e10316e3691e2867ddadca1f3ba.19)
 81e3501  81e3501       3e     1         /data/dev/gbartx/target/armv4t-none-eabi/release/deps/gba_rt-3a5f5d6d4e9987e6.const_random-2c03847468e8acc5.const_random.3a2ce2026131bd48-cgu.0.rcgu.o.rcgu.o:(.rodata..Lanon.46ed6e10316e3691e2867ddadca1f3ba.20)
 81e353f  81e353f       2e     1         /data/dev/gbartx/target/armv4t-none-eabi/release/deps/gba_rt-3a5f5d6d4e9987e6.const_random-2c03847468e8acc5.const_random.3a2ce2026131bd48-cgu.0.rcgu.o.rcgu.o:(.rodata..Lanon.46ed6e10316e3691e2867ddadca1f3ba.21)
 81e356d  81e356d       1b     1         /data/dev/gbartx/target/armv4t-none-eabi/release/deps/gba_rt-3a5f5d6d4e9987e6.const_random-2c03847468e8acc5.const_random.3a2ce2026131bd48-cgu.0.rcgu.o.rcgu.o:(.rodata..Lanon.46ed6e10316e3691e2867ddadca1f3ba.27)
 81e3588  81e3588        c     4         /data/dev/gbartx/target/armv4t-none-eabi/release/deps/gba_rt-3a5f5d6d4e9987e6.const_random-2c03847468e8acc5.const_random.3a2ce2026131bd48-cgu.0.rcgu.o.rcgu.o:(.rodata..Lswitch.table._ZN3agb5sound5mixer8sw_mixer5Mixer5frame17heafbdfa8e3e31a0cE.160)
 81e3594  81e3594        c     4         /data/dev/gbartx/target/armv4t-none-eabi/release/deps/gba_rt-3a5f5d6d4e9987e6.const_random-2c03847468e8acc5.const_random.3a2ce2026131bd48-cgu.0.rcgu.o.rcgu.o:(.rodata..Lswitch.table._ZN3agb5sound5mixer8sw_mixer5Mixer5frame17heafbdfa8e3e31a0cE.161)
 81e35a0  81e35a0        c     4         /data/dev/gbartx/target/armv4t-none-eabi/release/deps/gba_rt-3a5f5d6d4e9987e6.const_random-2c03847468e8acc5.const_random.3a2ce2026131bd48-cgu.0.rcgu.o.rcgu.o:(.rodata..Lswitch.table._ZN3agb5sound5mixer8sw_mixer5Mixer5frame17heafbdfa8e3e31a0cE.163)
 81e35ac  81e35ac        c     4         /data/dev/gbartx/target/armv4t-none-eabi/release/deps/gba_rt-3a5f5d6d4e9987e6.const_random-2c03847468e8acc5.const_random.3a2ce2026131bd48-cgu.0.rcgu.o.rcgu.o:(.rodata..Lswitch.table._ZN3agb5sound5mixer8sw_mixer5Mixer5frame17heafbdfa8e3e31a0cE.164)
 81e35b8  81e35b8        c     4         /data/dev/gbartx/target/armv4t-none-eabi/release/deps/gba_rt-3a5f5d6d4e9987e6.const_random-2c03847468e8acc5.const_random.3a2ce2026131bd48-cgu.0.rcgu.o.rcgu.o:(.rodata..Lswitch.table._ZN3agb5sound5mixer8sw_mixer5Mixer5frame17heafbdfa8e3e31a0cE.165)
 81e35c4  81e35c4        c     4         /data/dev/gbartx/target/armv4t-none-eabi/release/deps/gba_rt-3a5f5d6d4e9987e6.const_random-2c03847468e8acc5.const_random.3a2ce2026131bd48-cgu.0.rcgu.o.rcgu.o:(.rodata..Lswitch.table._ZN3agb5sound5mixer8sw_mixer5Mixer5frame17heafbdfa8e3e31a0cE.166)
 81e35d0  81e35d0        c     4         /data/dev/gbartx/target/armv4t-none-eabi/release/deps/gba_rt-3a5f5d6d4e9987e6.const_random-2c03847468e8acc5.const_random.3a2ce2026131bd48-cgu.0.rcgu.o.rcgu.o:(.rodata..Lswitch.table._ZN3agb5sound5mixer8sw_mixer5Mixer5frame17heafbdfa8e3e31a0cE.167)
 81e35dc  81e35dc        c     4         /data/dev/gbartx/target/armv4t-none-eabi/release/deps/gba_rt-3a5f5d6d4e9987e6.const_random-2c03847468e8acc5.const_random.3a2ce2026131bd48-cgu.0.rcgu.o.rcgu.o:(.rodata..Lswitch.table._ZN4core3ops8function6FnOnce40call_once$u7b$$u7b$vtable.shim$u7d$$u7d$17h47f5aa71e33dd8eeE.168)
 81e35e8  81e35e8        c     4         /data/dev/gbartx/target/armv4t-none-eabi/release/deps/gba_rt-3a5f5d6d4e9987e6.const_random-2c03847468e8acc5.const_random.3a2ce2026131bd48-cgu.0.rcgu.o.rcgu.o:(.rodata..Lswitch.table._ZN3agb5sound5mixer8sw_mixer5Mixer3new28_$u7b$$u7b$closure$u7d$$u7d$17h6337488e7850d4e9E.169)
 81e35f4  81e35f4        0     1         . = ALIGN ( 4 )
 3000000  81e35f4     69dc     4 .iwram
 3000000  81e35f4       dc     4         /data/dev/gbartx/target/armv4t-none-eabi/release/deps/gba_rt-3a5f5d6d4e9987e6.const_random-2c03847468e8acc5.const_random.3a2ce2026131bd48-cgu.0.rcgu.o.rcgu.o:(.iwram.__aeabi_memcpy)
 3000000  81e35f4        0     1                 $a
 3000000  81e35f4        0     1                 __agbabi_memcpy
 3000000  81e35f4        0     1                 __aeabi_memcpy
 3000038  81e362c        0     1                 __aeabi_memcpy8
 3000038  81e362c        0     1                 __aeabi_memcpy4
 30000a4  81e3698        0     1                 __agbabi_memcpy2
 30000c8  81e36bc        0     1                 __agbabi_memcpy1
 30000dc  81e36d0       c0     4         /data/dev/gbartx/target/armv4t-none-eabi/release/deps/gba_rt-3a5f5d6d4e9987e6.const_random-2c03847468e8acc5.const_random.3a2ce2026131bd48-cgu.0.rcgu.o.rcgu.o:(.iwram.__aeabi_memset)
 30000dc  81e36d0        0     1                 $a
 30000dc  81e36d0        0     1                 __aeabi_memclr
 30000e4  81e36d8        0     1                 __agbabi_memset
 30000e4  81e36d8        0     1                 __aeabi_memset
 3000128  81e371c        0     1                 __aeabi_memclr8
 3000128  81e371c        0     1                 __aeabi_memclr4
 3000130  81e3724        0     1                 __aeabi_memset8
 3000130  81e3724        0     1                 __aeabi_memset4
 300013c  81e3730        0     1                 __agbabi_wordset4
 300019c  81e3790       80     4         /data/dev/gbartx/target/armv4t-none-eabi/release/deps/gba_rt-3a5f5d6d4e9987e6.const_random-2c03847468e8acc5.const_random.3a2ce2026131bd48-cgu.0.rcgu.o.rcgu.o:(.iwram.interrupt_handler)
 300019c  81e3790        0     1                 $a
 300019c  81e3790        0     1                 InterruptHandler
 3000210  81e3804        0     1                 $d
 300021c  81e3810        4     4         /data/dev/gbartx/target/armv4t-none-eabi/release/deps/gba_rt-3a5f5d6d4e9987e6.const_random-2c03847468e8acc5.const_random.3a2ce2026131bd48-cgu.0.rcgu.o.rcgu.o:(.iwram.program_counter)
 300021c  81e3810        0     1                 agb_rs__program_counter
 3000220  81e3814       8c     4         /data/dev/gbartx/target/armv4t-none-eabi/release/deps/gba_rt-3a5f5d6d4e9987e6.const_random-2c03847468e8acc5.const_random.3a2ce2026131bd48-cgu.0.rcgu.o.rcgu.o:(.iwram.agb_rs__mixer_add_mono_loop_first)
 3000220  81e3814        0     1                 $a
 3000220  81e3814       8c     1                 agb_rs__mixer_add_mono_loop_first
 30002ac  81e38a0       90     4         /data/dev/gbartx/target/armv4t-none-eabi/release/deps/gba_rt-3a5f5d6d4e9987e6.const_random-2c03847468e8acc5.const_random.3a2ce2026131bd48-cgu.0.rcgu.o.rcgu.o:(.iwram.agb_rs__mixer_add_mono_loop)
 30002ac  81e38a0        0     1                 $a
 30002ac  81e38a0       90     1                 agb_rs__mixer_add_mono_loop
 300033c  81e3930       d0     4         /data/dev/gbartx/target/armv4t-none-eabi/release/deps/gba_rt-3a5f5d6d4e9987e6.const_random-2c03847468e8acc5.const_random.3a2ce2026131bd48-cgu.0.rcgu.o.rcgu.o:(.iwram.agb_rs__mixer_add_mono_first)
 300033c  81e3930        0     1                 $a
 300033c  81e3930       d0     1                 agb_rs__mixer_add_mono_first
 300040c  81e3a00       94     4         /data/dev/gbartx/target/armv4t-none-eabi/release/deps/gba_rt-3a5f5d6d4e9987e6.const_random-2c03847468e8acc5.const_random.3a2ce2026131bd48-cgu.0.rcgu.o.rcgu.o:(.iwram.agb_rs__mixer_add_mono)
 300040c  81e3a00        0     1                 $a
 300040c  81e3a00       94     1                 agb_rs__mixer_add_mono
 30004a0  81e3a94       78     4         /data/dev/gbartx/target/armv4t-none-eabi/release/deps/gba_rt-3a5f5d6d4e9987e6.const_random-2c03847468e8acc5.const_random.3a2ce2026131bd48-cgu.0.rcgu.o.rcgu.o:(.iwram.agb_rs__mixer_add_stereo)
 30004a0  81e3a94        0     1                 $a
 30004a0  81e3a94       78     1                 agb_rs__mixer_add_stereo
 3000514  81e3b08        0     1                 $d
 3000518  81e3b0c       74     4         /data/dev/gbartx/target/armv4t-none-eabi/release/deps/gba_rt-3a5f5d6d4e9987e6.const_random-2c03847468e8acc5.const_random.3a2ce2026131bd48-cgu.0.rcgu.o.rcgu.o:(.iwram.agb_rs__mixer_add_stereo_first)
 3000518  81e3b0c        0     1                 $a
 3000518  81e3b0c       74     1                 agb_rs__mixer_add_stereo_first
 3000588  81e3b7c        0     1                 $d
 300058c  81e3b80      298     4         /data/dev/gbartx/target/armv4t-none-eabi/release/deps/gba_rt-3a5f5d6d4e9987e6.const_random-2c03847468e8acc5.const_random.3a2ce2026131bd48-cgu.0.rcgu.o.rcgu.o:(.iwram.agb_rs__mixer_collapse)
 300058c  81e3b80        0     1                 $a
 300058c  81e3b80      298     1                 agb_rs__mixer_collapse
 3000820  81e3e14        0     1                 $d
 3000824  81e3e18     2154     4         /data/dev/gbartx/target/armv4t-none-eabi/release/deps/gba_rt-3a5f5d6d4e9987e6.const_random-2c03847468e8acc5.const_random.3a2ce2026131bd48-cgu.0.rcgu.o.rcgu.o:(.iwram)
 3000824  81e3e18        0     1                 $a
 3000824  81e3e18     2154     1                 main
 30017d8  81e4dcc        0     1                 $d
 30017e0  81e4dd4        0     1                 $a
 3001ae8  81e50dc        0     1                 $d
 3001af0  81e50e4        0     1                 $a
 3001cec  81e52e0        0     1                 $d
 3001cf4  81e52e8        0     1                 $a
 3001f4c  81e5540        0     1                 $d
 3001f54  81e5548        0     1                 $a
 30021b4  81e57a8        0     1                 $d
 30021b8  81e57ac        0     1                 $a
 3002514  81e5b08        0     1                 $d
 3002518  81e5b0c        0     1                 $a
 3002570  81e5b64        0     1                 $d
 3002578  81e5b6c        0     1                 $a
 3002918  81e5f0c        0     1                 $d
 3002978  81e5f6c     4004     4         /data/dev/gbartx/target/armv4t-none-eabi/release/deps/gba_rt-3a5f5d6d4e9987e6.const_random-2c03847468e8acc5.const_random.3a2ce2026131bd48-cgu.0.rcgu.o.rcgu.o:(.iwram)
 3002978  81e5f6c     4004     1                 gba_rt::math::fixed32::sqrt::SQRT_LUT::hf3e66aaeebcd4883
 300697c  81e9f70       60     4         <internal>:(.text.thunk)
 30069dc  81e9fd0        0     1         . = ALIGN ( 4 )
 30069dc  81e9fd0        0     1         . = ALIGN ( 4 )
 30069dc  81e9fd0        0     1 __iwram_data_start = ADDR ( .iwram )
 30069dc  81e9fd0        0     1 __iwram_rom_start = LOADADDR ( .iwram )
 30069dc  81e9fd0        0     1 __iwram_rom_length_halfwords = ( SIZEOF ( .iwram ) + 1 ) / 2
 30069dc  81e9fd0        0     1 __iwram_end = __iwram_data_start + SIZEOF ( .iwram )
 2000000  81e9fd0       c8     4 .ewram
 2000000  81e9fd0        0     1         . = ALIGN ( 4 )
 2000000  81e9fd0       a8     4         /data/dev/gbartx/target/armv4t-none-eabi/release/deps/gba_rt-3a5f5d6d4e9987e6.const_random-2c03847468e8acc5.const_random.3a2ce2026131bd48-cgu.0.rcgu.o.rcgu.o:(.data._ZN3agb9interrupt15INTERRUPT_TABLE17h7a3431c946e72612E)
 2000000  81e9fd0       a8     1                 agb::interrupt::INTERRUPT_TABLE::h7a3431c946e72612
 20000a8  81ea078       20     4         /data/dev/gbartx/target/armv4t-none-eabi/release/deps/gba_rt-3a5f5d6d4e9987e6.const_random-2c03847468e8acc5.const_random.3a2ce2026131bd48-cgu.0.rcgu.o.rcgu.o:(.data..L_MergedGlobals)
 20000a8  81ea078       10     1                 agb::agb_alloc::__IWRAM_ALLOC::h47aa144a608fe571
 20000b8  81ea088       10     1                 agb::agb_alloc::GLOBAL_ALLOC::hb2ecc602f2372d5f
 20000c8  81ea098        0     1         . = ALIGN ( 4 )
 20000c8  81ea098        0     1 __ewram_data_start = ADDR ( .ewram )
 20000c8  81ea098        0     1 __ewram_rom_start = LOADADDR ( .ewram )
 20000c8  81ea098        0     1 __ewram_rom_length_halfwords = ( SIZEOF ( .ewram ) + 1 ) / 2
 20000c8  20000c8        4     1 .bss
 20000c8  20000c8        1     1         /data/dev/gbartx/target/armv4t-none-eabi/release/deps/gba_rt-3a5f5d6d4e9987e6.const_random-2c03847468e8acc5.const_random.3a2ce2026131bd48-cgu.0.rcgu.o.rcgu.o:(.bss._ZN3agb18avoid_double_panic12IS_PANICKING17h0650bc3d70c9a8caE)
 20000c8  20000c8        1     1                 agb::avoid_double_panic::IS_PANICKING::h0650bc3d70c9a8ca
 20000c9  20000c9        1     1         /data/dev/gbartx/target/armv4t-none-eabi/release/deps/gba_rt-3a5f5d6d4e9987e6.const_random-2c03847468e8acc5.const_random.3a2ce2026131bd48-cgu.0.rcgu.o.rcgu.o:(.bss.__rust_no_alloc_shim_is_unstable)
 20000c9  20000c9        1     1                 __rust_no_alloc_shim_is_unstable
 20000ca  20000ca        2     1         . = ALIGN ( 4 )
 20000cc  20000cc        0     1 __ewram_data_end = __ewram_data_start + SIZEOF ( .ewram ) + SIZEOF ( .bss )
       0        0       41     1 .shstrtab
       0        0       41     1         <internal>:(.shstrtab)
       0        0       93     1 .comment
       0        0       93     1         <internal>:(.comment)
